#
# There is insufficient memory for the Java Runtime Environment to continue.
# Native memory allocation (malloc) failed to allocate 182736 bytes. Error detail: Chunk::new
# Possible reasons:
#   The system is out of physical RAM or swap space
#   This process is running with CompressedOops enabled, and the Java Heap may be blocking the growth of the native heap
# Possible solutions:
#   Reduce memory load on the system
#   Increase physical memory or swap space
#   Check if swap backing store is full
#   Decrease Java heap size (-Xmx/-Xms)
#   Decrease number of Java threads
#   Decrease Java thread stack sizes (-Xss)
#   Set larger code cache with -XX:ReservedCodeCacheSize=
#   JVM is running with Unscaled Compressed Oops mode in which the Java heap is
#     placed in the first 4GB address space. The Java Heap base address is the
#     maximum limit for the native heap growth. Please use -XX:HeapBaseMinAddress
#     to set the Java Heap base and to place the Java Heap above 4GB virtual address.
# This output file may be truncated or incomplete.
#
#  Out of Memory Error (arena.cpp:168), pid=7672, tid=10452
#
# JRE version: OpenJDK Runtime Environment Temurin-21.0.11+10 (21.0.11+10) (build 21.0.11+10-LTS)
# Java VM: OpenJDK 64-Bit Server VM Temurin-21.0.11+10 (21.0.11+10-LTS, mixed mode, sharing, tiered, compressed oops, compressed class ptrs, parallel gc, windows-amd64)
# No core dump will be written. Minidumps are not enabled by default on client versions of Windows
#

---------------  S U M M A R Y ------------

Command Line: --add-modules=ALL-SYSTEM --add-opens=java.base/java.util=ALL-UNNAMED --add-opens=java.base/java.lang=ALL-UNNAMED --add-opens=java.base/sun.nio.fs=ALL-UNNAMED -Declipse.application=org.eclipse.jdt.ls.core.id1 -Dosgi.bundles.defaultStartLevel=4 -Declipse.product=org.eclipse.jdt.ls.core.product -Djava.import.generatesMetadataFilesAtProjectRoot=false -DDetectVMInstallationsJob.disabled=true -Dfile.encoding=utf8 -XX:+UseParallelGC -XX:GCTimeRatio=4 -XX:AdaptiveSizePolicyWeight=90 -Dsun.zip.disableMemoryMapping=true -Xmx2G -Xms100m -Xlog:disable -javaagent:c:\Users\Nachireddy\.vscode\extensions\redhat.java-1.55.0-win32-x64\lombok\lombok-1.18.39-4050.jar -XX:+HeapDumpOnOutOfMemoryError -XX:HeapDumpPath=c:\Users\Nachireddy\AppData\Roaming\Code\User\workspaceStorage\b0977ca8e33bdc3c0f91a6a176fa6358\redhat.java -Daether.dependencyCollector.impl=bf c:\Users\Nachireddy\.vscode\extensions\redhat.java-1.55.0-win32-x64\server\plugins\org.eclipse.equinox.launcher_1.7.200.v20260619-2039.jar -configuration c:\Users\Nachireddy\AppData\Roaming\Code\User\globalStorage\redhat.java\1.55.0\config_win -data c:\Users\Nachireddy\AppData\Roaming\Code\User\workspaceStorage\b0977ca8e33bdc3c0f91a6a176fa6358\redhat.java\jdt_ws --pipe=\\.\pipe\lsp-fca632f21818ad7effc4be40e43734ce-sock

Host: 11th Gen Intel(R) Core(TM) i5-11320H @ 3.20GHz, 8 cores, 15G,  Windows 11 , 64 bit Build 26100 (10.0.26100.8875)
Time: Sat Aug  1 22:49:32 2026 India Standard Time elapsed time: 15.518791 seconds (0d 0h 0m 15s)

---------------  T H R E A D  ---------------

Current thread (0x00000215c6f7b710):  JavaThread "C2 CompilerThread0" daemon [_thread_in_native, id=10452, stack(0x0000002c58700000,0x0000002c58800000) (1024K)]


Current CompileTask:
C2:15518 6128       4       org.objectweb.asm.SymbolTable::addConstantUtf8 (98 bytes)

Stack: [0x0000002c58700000,0x0000002c58800000]
Native frames: (J=compiled Java code, j=interpreted, Vv=VM code, C=native code)
V  [jvm.dll+0x6d7e19]
V  [jvm.dll+0x8b5096]
V  [jvm.dll+0x8b764e]
V  [jvm.dll+0x8b7d33]
V  [jvm.dll+0x284596]
V  [jvm.dll+0xc685d]
V  [jvm.dll+0xc6da1]
V  [jvm.dll+0x2fb4ee]
V  [jvm.dll+0x5fe9a4]
V  [jvm.dll+0x255d67]
V  [jvm.dll+0x24e2ca]
V  [jvm.dll+0x24bbe6]
V  [jvm.dll+0x1cb4ae]
V  [jvm.dll+0x25baad]
V  [jvm.dll+0x25a03a]
V  [jvm.dll+0x3f868e]
V  [jvm.dll+0x85fb0d]
V  [jvm.dll+0x6d664d]
C  [ucrtbase.dll+0x2cd30]
C  [KERNEL32.DLL+0x2e957]
C  [ntdll.dll+0xaad6c]


---------------  P R O C E S S  ---------------

Threads class SMR info:
_java_thread_list=0x00000215e8a3aa90, length=40, elements={
0x00000215c4c88980, 0x00000215c6f443b0, 0x00000215c6f45ea0, 0x00000215c6f4b250,
0x00000215c6f4d140, 0x00000215c6f55050, 0x00000215c6f55d70, 0x00000215c6f7b710,
0x00000215c6f7e070, 0x00000215c6f54330, 0x00000215c6f528f0, 0x00000215c6f53610,
0x00000215c6f549c0, 0x00000215c6f52f80, 0x00000215c6f53ca0, 0x00000215c6f556e0,
0x00000215e4a5e170, 0x00000215e4a5cdc0, 0x00000215e4a5ee90, 0x00000215e4a5d450,
0x00000215e4a608d0, 0x00000215e4a5f520, 0x00000215e4a5fbb0, 0x00000215e4a60f60,
0x00000215e4a615f0, 0x00000215e4a61c80, 0x00000215e4a629a0, 0x00000215e4a636c0,
0x00000215e4a62310, 0x00000215e4a63d50, 0x00000215e4a63030, 0x00000215e4a643e0,
0x00000215e57d88c0, 0x00000215e57d6e80, 0x00000215e57d8230, 0x00000215e57d7510,
0x00000215e57d5440, 0x00000215e57d7ba0, 0x00000215e57d8f50, 0x00000215e57d5ad0
}

Java Threads: ( => current thread )
  0x00000215c4c88980 JavaThread "main"                              [_thread_blocked, id=17000, stack(0x0000002c57d00000,0x0000002c57e00000) (1024K)]
  0x00000215c6f443b0 JavaThread "Reference Handler"          daemon [_thread_blocked, id=18676, stack(0x0000002c58100000,0x0000002c58200000) (1024K)]
  0x00000215c6f45ea0 JavaThread "Finalizer"                  daemon [_thread_blocked, id=8712, stack(0x0000002c58200000,0x0000002c58300000) (1024K)]
  0x00000215c6f4b250 JavaThread "Signal Dispatcher"          daemon [_thread_blocked, id=22408, stack(0x0000002c58300000,0x0000002c58400000) (1024K)]
  0x00000215c6f4d140 JavaThread "Attach Listener"            daemon [_thread_blocked, id=22308, stack(0x0000002c58400000,0x0000002c58500000) (1024K)]
  0x00000215c6f55050 JavaThread "Service Thread"             daemon [_thread_blocked, id=7820, stack(0x0000002c58500000,0x0000002c58600000) (1024K)]
  0x00000215c6f55d70 JavaThread "Monitor Deflation Thread"   daemon [_thread_blocked, id=8628, stack(0x0000002c58600000,0x0000002c58700000) (1024K)]
=>0x00000215c6f7b710 JavaThread "C2 CompilerThread0"         daemon [_thread_in_native, id=10452, stack(0x0000002c58700000,0x0000002c58800000) (1024K)]
  0x00000215c6f7e070 JavaThread "C1 CompilerThread0"         daemon [_thread_in_vm, id=7748, stack(0x0000002c58800000,0x0000002c58900000) (1024K)]
  0x00000215c6f54330 JavaThread "Common-Cleaner"             daemon [_thread_blocked, id=5460, stack(0x0000002c58a00000,0x0000002c58b00000) (1024K)]
  0x00000215c6f528f0 JavaThread "Notification Thread"        daemon [_thread_blocked, id=21904, stack(0x0000002c58900000,0x0000002c58a00000) (1024K)]
  0x00000215c6f53610 JavaThread "Active Thread: Equinox Container: 270f67e4-b89d-41fe-b003-0f16d7f982d2"        [_thread_blocked, id=19036, stack(0x0000002c59300000,0x0000002c59400000) (1024K)]
  0x00000215c6f549c0 JavaThread "Refresh Thread: Equinox Container: 270f67e4-b89d-41fe-b003-0f16d7f982d2" daemon [_thread_blocked, id=10512, stack(0x0000002c59400000,0x0000002c59500000) (1024K)]
  0x00000215c6f52f80 JavaThread "Framework Event Dispatcher: Equinox Container: 270f67e4-b89d-41fe-b003-0f16d7f982d2" daemon [_thread_blocked, id=20188, stack(0x0000002c58b00000,0x0000002c58c00000) (1024K)]
  0x00000215c6f53ca0 JavaThread "Start Level: Equinox Container: 270f67e4-b89d-41fe-b003-0f16d7f982d2" daemon [_thread_blocked, id=16460, stack(0x0000002c59500000,0x0000002c59600000) (1024K)]
  0x00000215c6f556e0 JavaThread "Bundle File Closer"         daemon [_thread_blocked, id=11208, stack(0x0000002c59800000,0x0000002c59900000) (1024K)]
  0x00000215e4a5e170 JavaThread "SCR Component Actor"        daemon [_thread_blocked, id=19748, stack(0x0000002c59600000,0x0000002c59700000) (1024K)]
  0x00000215e4a5cdc0 JavaThread "Worker-JM"                         [_thread_blocked, id=15900, stack(0x0000002c59700000,0x0000002c59800000) (1024K)]
  0x00000215e4a5ee90 JavaThread "JNA Cleaner"                daemon [_thread_blocked, id=21872, stack(0x0000002c59900000,0x0000002c59a00000) (1024K)]
  0x00000215e4a5d450 JavaThread "Worker-0"                          [_thread_blocked, id=18868, stack(0x0000002c59a00000,0x0000002c59b00000) (1024K)]
  0x00000215e4a608d0 JavaThread "Worker-1: Repository registry initialization"        [_thread_in_Java, id=8412, stack(0x0000002c59b00000,0x0000002c59c00000) (1024K)]
  0x00000215e4a5f520 JavaThread "Worker-2"                          [_thread_blocked, id=8000, stack(0x0000002c59e00000,0x0000002c59f00000) (1024K)]
  0x00000215e4a5fbb0 JavaThread "Java indexing"              daemon [_thread_blocked, id=18720, stack(0x0000002c59f00000,0x0000002c5a000000) (1024K)]
  0x00000215e4a60f60 JavaThread "Worker-3"                          [_thread_blocked, id=11780, stack(0x0000002c5a200000,0x0000002c5a300000) (1024K)]
  0x00000215e4a615f0 JavaThread "Worker-4: Synchronize Gradle projects with workspace"        [_thread_blocked, id=13664, stack(0x0000002c5a300000,0x0000002c5a400000) (1024K)]
  0x00000215e4a61c80 JavaThread "Thread-1"                   daemon [_thread_in_native, id=9716, stack(0x0000002c5a400000,0x0000002c5a500000) (1024K)]
  0x00000215e4a629a0 JavaThread "Thread-2"                   daemon [_thread_in_native, id=6816, stack(0x0000002c5a500000,0x0000002c5a600000) (1024K)]
  0x00000215e4a636c0 JavaThread "Thread-3"                   daemon [_thread_in_native, id=18652, stack(0x0000002c5a600000,0x0000002c5a700000) (1024K)]
  0x00000215e4a62310 JavaThread "Thread-4"                   daemon [_thread_in_native, id=9240, stack(0x0000002c5a700000,0x0000002c5a800000) (1024K)]
  0x00000215e4a63d50 JavaThread "Thread-5"                   daemon [_thread_in_native, id=21540, stack(0x0000002c5a800000,0x0000002c5a900000) (1024K)]
  0x00000215e4a63030 JavaThread "Thread-6"                   daemon [_thread_in_native, id=18172, stack(0x0000002c5a900000,0x0000002c5aa00000) (1024K)]
  0x00000215e4a643e0 JavaThread "Thread-7"                   daemon [_thread_in_native, id=22416, stack(0x0000002c5aa00000,0x0000002c5ab00000) (1024K)]
  0x00000215e57d88c0 JavaThread "Thread-8"                   daemon [_thread_in_native, id=21580, stack(0x0000002c5ab00000,0x0000002c5ac00000) (1024K)]
  0x00000215e57d6e80 JavaThread "Thread-9"                   daemon [_thread_in_native, id=8888, stack(0x0000002c5ac00000,0x0000002c5ad00000) (1024K)]
  0x00000215e57d8230 JavaThread "pool-2-thread-1"                   [_thread_blocked, id=6684, stack(0x0000002c5ad00000,0x0000002c5ae00000) (1024K)]
  0x00000215e57d7510 JavaThread "Timer-0"                           [_thread_blocked, id=7556, stack(0x0000002c5ae00000,0x0000002c5af00000) (1024K)]
  0x00000215e57d5440 JavaThread "Timer-1"                           [_thread_blocked, id=7504, stack(0x0000002c5af00000,0x0000002c5b000000) (1024K)]
  0x00000215e57d7ba0 JavaThread "Connection worker"                 [_thread_in_native, id=12768, stack(0x0000002c5b000000,0x0000002c5b100000) (1024K)]
  0x00000215e57d8f50 JavaThread "WorkspaceEventsHandler"            [_thread_blocked, id=8728, stack(0x0000002c5b100000,0x0000002c5b200000) (1024K)]
  0x00000215e57d5ad0 JavaThread "pool-1-thread-1"                   [_thread_blocked, id=12448, stack(0x0000002c5b200000,0x0000002c5b300000) (1024K)]
Total: 40

Other Threads:
  0x00000215c7071840 VMThread "VM Thread"                           [id=4532, stack(0x0000002c58000000,0x0000002c58100000) (1024K)]
  0x00000215c6e5c950 WatcherThread "VM Periodic Task Thread"        [id=10624, stack(0x0000002c57f00000,0x0000002c58000000) (1024K)]
  0x00000215c6fec280 WorkerThread "GC Thread#0"                     [id=5168, stack(0x0000002c57e00000,0x0000002c57f00000) (1024K)]
  0x00000215df714be0 WorkerThread "GC Thread#1"                     [id=14760, stack(0x0000002c58d00000,0x0000002c58e00000) (1024K)]
  0x00000215df7153a0 WorkerThread "GC Thread#2"                     [id=21796, stack(0x0000002c58e00000,0x0000002c58f00000) (1024K)]
  0x00000215df589f00 WorkerThread "GC Thread#3"                     [id=22392, stack(0x0000002c58f00000,0x0000002c59000000) (1024K)]
  0x00000215df58a2b0 WorkerThread "GC Thread#4"                     [id=9260, stack(0x0000002c59000000,0x0000002c59100000) (1024K)]
  0x00000215df58a660 WorkerThread "GC Thread#5"                     [id=6564, stack(0x0000002c59100000,0x0000002c59200000) (1024K)]
  0x00000215df58d9d0 WorkerThread "GC Thread#6"                     [id=19012, stack(0x0000002c59200000,0x0000002c59300000) (1024K)]
  0x00000215e4051be0 WorkerThread "GC Thread#7"                     [id=15292, stack(0x0000002c58c00000,0x0000002c58d00000) (1024K)]
Total: 10

Threads with active compile tasks:
C2 CompilerThread0  15551 6128       4       org.objectweb.asm.SymbolTable::addConstantUtf8 (98 bytes)
C1 CompilerThread0  15551 6164       3       java.lang.ClassLoader::defineClass (11 bytes)
Total: 2

VM state: not at safepoint (normal execution)

VM Mutex/Monitor currently owned by a thread: None

Heap address: 0x0000000080000000, size: 2048 MB, Compressed Oops mode: 32-bit

CDS archive(s) mapped at: [0x0000021580000000-0x0000021580ba0000-0x0000021580ba0000), size 12189696, SharedBaseAddress: 0x0000021580000000, ArchiveRelocationMode: 1.
Compressed class space mapped at: 0x0000021581000000-0x00000215c1000000, reserved size: 1073741824
Narrow klass base: 0x0000021580000000, Narrow klass shift: 0, Narrow klass range: 0x100000000

GC Precious Log:
 CardTable entry size: 512
 CPUs: 8 total, 8 available
 Memory: 16167M
 Large Page Support: Disabled
 NUMA Support: Disabled
 Compressed Oops: Enabled (32-bit)
 Alignments: Space 512K, Generation 512K, Heap 2M
 Heap Min Capacity: 100M
 Heap Initial Capacity: 100M
 Heap Max Capacity: 2G
 Pre-touch: Disabled
 Parallel Workers: 8

Heap:
 PSYoungGen      total 22016K, used 5540K [0x00000000d5580000, 0x00000000d7480000, 0x0000000100000000)
  eden space 20992K, 21% used [0x00000000d5580000,0x00000000d59ec3a8,0x00000000d6a00000)
  from space 1024K, 98% used [0x00000000d7380000,0x00000000d747cea0,0x00000000d7480000)
  to   space 2048K, 0% used [0x00000000d7080000,0x00000000d7080000,0x00000000d7280000)
 ParOldGen       total 68608K, used 32498K [0x0000000080000000, 0x0000000084300000, 0x00000000d5580000)
  object space 68608K, 47% used [0x0000000080000000,0x0000000081fbc8f8,0x0000000084300000)
 Metaspace       used 47270K, committed 48512K, reserved 1114112K
  class space    used 5392K, committed 5952K, reserved 1048576K

Card table byte_map: [0x00000215c6970000,0x00000215c6d80000] _byte_map_base: 0x00000215c6570000

Marking Bits: (ParMarkBitMap*) 0x00007ffd41074460
 Begin Bits: [0x00000215d9480000, 0x00000215db480000)
 End Bits:   [0x00000215db480000, 0x00000215dd480000)

Polling page: 0x00000215c4e30000

Metaspace:

Usage:
  Non-class:     40.90 MB used.
      Class:      5.27 MB used.
       Both:     46.16 MB used.

Virtual space:
  Non-class space:       64.00 MB reserved,      41.56 MB ( 65%) committed,  1 nodes.
      Class space:        1.00 GB reserved,       5.81 MB ( <1%) committed,  1 nodes.
             Both:        1.06 GB reserved,      47.38 MB (  4%) committed. 

Chunk freelists:
   Non-Class:  5.91 MB
       Class:  10.23 MB
        Both:  16.14 MB

MaxMetaspaceSize: unlimited
CompressedClassSpaceSize: 1.00 GB
Initial GC threshold: 21.00 MB
Current GC threshold: 58.38 MB
CDS: on
 - commit_granule_bytes: 65536.
 - commit_granule_words: 8192.
 - virtual_space_node_default_size: 8388608.
 - enlarge_chunks_in_place: 1.
 - use_allocation_guard: 0.


Internal statistics:

num_allocs_failed_limit: 8.
num_arena_births: 976.
num_arena_deaths: 14.
num_vsnodes_births: 2.
num_vsnodes_deaths: 0.
num_space_committed: 758.
num_space_uncommitted: 0.
num_chunks_returned_to_freelist: 22.
num_chunks_taken_from_freelist: 3121.
num_chunk_merges: 12.
num_chunk_splits: 1929.
num_chunks_enlarged: 1083.
num_inconsistent_stats: 0.

CodeHeap 'non-profiled nmethods': size=120000Kb used=3459Kb max_used=3459Kb free=116541Kb
 bounds [0x00000215d1ca0000, 0x00000215d2010000, 0x00000215d91d0000]
CodeHeap 'profiled nmethods': size=120000Kb used=11680Kb max_used=11680Kb free=108319Kb
 bounds [0x00000215ca1d0000, 0x00000215cad40000, 0x00000215d1700000]
CodeHeap 'non-nmethods': size=5760Kb used=1377Kb max_used=1449Kb free=4383Kb
 bounds [0x00000215d1700000, 0x00000215d1970000, 0x00000215d1ca0000]
CodeCache: size=245760Kb, used=16516Kb, max_used=16588Kb, free=229243Kb
 total_blobs=6222, nmethods=5555, adapters=573, full_count=0
Compilation: enabled, stopped_count=0, restarted_count=0

Compilation events (20 events):
Event: 15.479 Thread 0x00000215c6f7e070 6121       3       com.google.common.collect.RegularImmutableSet::size (6 bytes)
Event: 15.479 Thread 0x00000215c6f7e070 nmethod 6121 0x00000215cad24890 code [0x00000215cad24a20, 0x00000215cad24b38]
Event: 15.486 Thread 0x00000215c6f7e070 6122       3       com.google.inject.internal.InternalFlags::isBytecodeGenEnabled (15 bytes)
Event: 15.486 Thread 0x00000215c6f7e070 nmethod 6122 0x00000215ca6bef10 code [0x00000215ca6bf0a0, 0x00000215ca6bf1b0]
Event: 15.486 Thread 0x00000215c6f7e070 6123       3       com.google.inject.internal.aop.ClassDefining::hasPackageAccess (4 bytes)
Event: 15.487 Thread 0x00000215c6f7e070 nmethod 6123 0x00000215ca6ca690 code [0x00000215ca6ca820, 0x00000215ca6ca910]
Event: 15.493 Thread 0x00000215c6f7b710 6124       4       org.objectweb.asm.SymbolTable::put (150 bytes)
Event: 15.494 Thread 0x00000215c6f7e070 6125       3       org.objectweb.asm.MethodWriter::visitFieldInsn (258 bytes)
Event: 15.495 Thread 0x00000215c6f7e070 nmethod 6125 0x00000215cad24c10 code [0x00000215cad24e80, 0x00000215cad25a30]
Event: 15.501 Thread 0x00000215c6f7b710 nmethod 6124 0x00000215d1ff3490 code [0x00000215d1ff3640, 0x00000215d1ff3ac8]
Event: 15.503 Thread 0x00000215c6f7e070 6126       3       java.lang.reflect.Field::get (39 bytes)
Event: 15.504 Thread 0x00000215c6f7e070 nmethod 6126 0x00000215cad25e90 code [0x00000215cad260c0, 0x00000215cad26610]
Event: 15.505 Thread 0x00000215c6f7b710 6127       4       org.objectweb.asm.ByteVector::putShort (52 bytes)
Event: 15.507 Thread 0x00000215c6f7b710 nmethod 6127 0x00000215d1ff3d90 code [0x00000215d1ff3f20, 0x00000215d1ff4080]
Event: 15.507 Thread 0x00000215c6f7b710 6128       4       org.objectweb.asm.SymbolTable::addConstantUtf8 (98 bytes)
Event: 15.507 Thread 0x00000215c6f7e070 6129       3       sun.reflect.generics.parser.SignatureParser::parseTypeArgument (135 bytes)
Event: 15.508 Thread 0x00000215c6f7e070 nmethod 6129 0x00000215cad26810 code [0x00000215cad26b20, 0x00000215cad27f78]
Event: 15.508 Thread 0x00000215c6f7e070 6130       3       java.util.concurrent.ConcurrentLinkedQueue::poll (84 bytes)
Event: 15.513 Thread 0x00000215c6f7e070 nmethod 6130 0x00000215cad28510 code [0x00000215cad28b20, 0x00000215cad2bfd0]
Event: 15.513 Thread 0x00000215c6f7e070 6138   !   3       com.google.common.cache.LocalCache$Segment::storeLoadedValue (371 bytes)

GC Heap History (20 events):
Event: 11.173 GC heap before
{Heap before GC invocations=15 (full 1):
 PSYoungGen      total 23552K, used 8063K [0x00000000d5580000, 0x00000000d6f80000, 0x0000000100000000)
  eden space 22016K, 29% used [0x00000000d5580000,0x00000000d5bf1d88,0x00000000d6b00000)
  from space 1536K, 95% used [0x00000000d6d00000,0x00000000d6e6df10,0x00000000d6e80000)
  to   space 1024K, 0% used [0x00000000d6e80000,0x00000000d6e80000,0x00000000d6f80000)
 ParOldGen       total 68608K, used 18008K [0x0000000080000000, 0x0000000084300000, 0x00000000d5580000)
  object space 68608K, 26% used [0x0000000080000000,0x00000000811960c0,0x0000000084300000)
 Metaspace       used 34671K, committed 35840K, reserved 1114112K
  class space    used 3581K, committed 4096K, reserved 1048576K
}
Event: 11.175 GC heap after
{Heap after GC invocations=15 (full 1):
 PSYoungGen      total 22528K, used 320K [0x00000000d5580000, 0x00000000d6f00000, 0x0000000100000000)
  eden space 22016K, 0% used [0x00000000d5580000,0x00000000d5580000,0x00000000d6b00000)
  from space 512K, 62% used [0x00000000d6e80000,0x00000000d6ed0000,0x00000000d6f00000)
  to   space 1024K, 0% used [0x00000000d6d00000,0x00000000d6d00000,0x00000000d6e00000)
 ParOldGen       total 68608K, used 19212K [0x0000000080000000, 0x0000000084300000, 0x00000000d5580000)
  object space 68608K, 28% used [0x0000000080000000,0x00000000812c3388,0x0000000084300000)
 Metaspace       used 34671K, committed 35840K, reserved 1114112K
  class space    used 3581K, committed 4096K, reserved 1048576K
}
Event: 11.175 GC heap before
{Heap before GC invocations=16 (full 2):
 PSYoungGen      total 22528K, used 320K [0x00000000d5580000, 0x00000000d6f00000, 0x0000000100000000)
  eden space 22016K, 0% used [0x00000000d5580000,0x00000000d5580000,0x00000000d6b00000)
  from space 512K, 62% used [0x00000000d6e80000,0x00000000d6ed0000,0x00000000d6f00000)
  to   space 1024K, 0% used [0x00000000d6d00000,0x00000000d6d00000,0x00000000d6e00000)
 ParOldGen       total 68608K, used 19212K [0x0000000080000000, 0x0000000084300000, 0x00000000d5580000)
  object space 68608K, 28% used [0x0000000080000000,0x00000000812c3388,0x0000000084300000)
 Metaspace       used 34671K, committed 35840K, reserved 1114112K
  class space    used 3581K, committed 4096K, reserved 1048576K
}
Event: 11.221 GC heap after
{Heap after GC invocations=16 (full 2):
 PSYoungGen      total 22528K, used 0K [0x00000000d5580000, 0x00000000d6f00000, 0x0000000100000000)
  eden space 22016K, 0% used [0x00000000d5580000,0x00000000d5580000,0x00000000d6b00000)
  from space 512K, 0% used [0x00000000d6e80000,0x00000000d6e80000,0x00000000d6f00000)
  to   space 1024K, 0% used [0x00000000d6d00000,0x00000000d6d00000,0x00000000d6e00000)
 ParOldGen       total 68608K, used 18815K [0x0000000080000000, 0x0000000084300000, 0x00000000d5580000)
  object space 68608K, 27% used [0x0000000080000000,0x000000008125fe98,0x0000000084300000)
 Metaspace       used 34671K, committed 35840K, reserved 1114112K
  class space    used 3581K, committed 4096K, reserved 1048576K
}
Event: 11.500 GC heap before
{Heap before GC invocations=17 (full 2):
 PSYoungGen      total 22528K, used 22016K [0x00000000d5580000, 0x00000000d6f00000, 0x0000000100000000)
  eden space 22016K, 100% used [0x00000000d5580000,0x00000000d6b00000,0x00000000d6b00000)
  from space 512K, 0% used [0x00000000d6e80000,0x00000000d6e80000,0x00000000d6f00000)
  to   space 1024K, 0% used [0x00000000d6d00000,0x00000000d6d00000,0x00000000d6e00000)
 ParOldGen       total 68608K, used 18815K [0x0000000080000000, 0x0000000084300000, 0x00000000d5580000)
  object space 68608K, 27% used [0x0000000080000000,0x000000008125fe98,0x0000000084300000)
 Metaspace       used 37393K, committed 38528K, reserved 1114112K
  class space    used 4006K, committed 4480K, reserved 1048576K
}
Event: 11.501 GC heap after
{Heap after GC invocations=17 (full 2):
 PSYoungGen      total 23040K, used 672K [0x00000000d5580000, 0x00000000d6f00000, 0x0000000100000000)
  eden space 22016K, 0% used [0x00000000d5580000,0x00000000d5580000,0x00000000d6b00000)
  from space 1024K, 65% used [0x00000000d6d00000,0x00000000d6da8000,0x00000000d6e00000)
  to   space 1024K, 0% used [0x00000000d6e00000,0x00000000d6e00000,0x00000000d6f00000)
 ParOldGen       total 68608K, used 18823K [0x0000000080000000, 0x0000000084300000, 0x00000000d5580000)
  object space 68608K, 27% used [0x0000000080000000,0x0000000081261e98,0x0000000084300000)
 Metaspace       used 37393K, committed 38528K, reserved 1114112K
  class space    used 4006K, committed 4480K, reserved 1048576K
}
Event: 11.957 GC heap before
{Heap before GC invocations=18 (full 2):
 PSYoungGen      total 23040K, used 22688K [0x00000000d5580000, 0x00000000d6f00000, 0x0000000100000000)
  eden space 22016K, 100% used [0x00000000d5580000,0x00000000d6b00000,0x00000000d6b00000)
  from space 1024K, 65% used [0x00000000d6d00000,0x00000000d6da8000,0x00000000d6e00000)
  to   space 1024K, 0% used [0x00000000d6e00000,0x00000000d6e00000,0x00000000d6f00000)
 ParOldGen       total 68608K, used 18823K [0x0000000080000000, 0x0000000084300000, 0x00000000d5580000)
  object space 68608K, 27% used [0x0000000080000000,0x0000000081261e98,0x0000000084300000)
 Metaspace       used 39222K, committed 40448K, reserved 1114112K
  class space    used 4237K, committed 4800K, reserved 1048576K
}
Event: 11.959 GC heap after
{Heap after GC invocations=18 (full 2):
 PSYoungGen      total 22016K, used 1010K [0x00000000d5580000, 0x00000000d7300000, 0x0000000100000000)
  eden space 20992K, 0% used [0x00000000d5580000,0x00000000d5580000,0x00000000d6a00000)
  from space 1024K, 98% used [0x00000000d6e00000,0x00000000d6efc818,0x00000000d6f00000)
  to   space 4096K, 0% used [0x00000000d6a00000,0x00000000d6a00000,0x00000000d6e00000)
 ParOldGen       total 68608K, used 21069K [0x0000000080000000, 0x0000000084300000, 0x00000000d5580000)
  object space 68608K, 30% used [0x0000000080000000,0x0000000081493548,0x0000000084300000)
 Metaspace       used 39222K, committed 40448K, reserved 1114112K
  class space    used 4237K, committed 4800K, reserved 1048576K
}
Event: 12.233 GC heap before
{Heap before GC invocations=19 (full 2):
 PSYoungGen      total 22016K, used 22002K [0x00000000d5580000, 0x00000000d7300000, 0x0000000100000000)
  eden space 20992K, 100% used [0x00000000d5580000,0x00000000d6a00000,0x00000000d6a00000)
  from space 1024K, 98% used [0x00000000d6e00000,0x00000000d6efc818,0x00000000d6f00000)
  to   space 4096K, 0% used [0x00000000d6a00000,0x00000000d6a00000,0x00000000d6e00000)
 ParOldGen       total 68608K, used 21069K [0x0000000080000000, 0x0000000084300000, 0x00000000d5580000)
  object space 68608K, 30% used [0x0000000080000000,0x0000000081493560,0x0000000084300000)
 Metaspace       used 39944K, committed 41152K, reserved 1114112K
  class space    used 4340K, committed 4864K, reserved 1048576K
}
Event: 12.235 GC heap after
{Heap after GC invocations=19 (full 2):
 PSYoungGen      total 25088K, used 4073K [0x00000000d5580000, 0x00000000d7f00000, 0x0000000100000000)
  eden space 20992K, 0% used [0x00000000d5580000,0x00000000d5580000,0x00000000d6a00000)
  from space 4096K, 99% used [0x00000000d6a00000,0x00000000d6dfa748,0x00000000d6e00000)
  to   space 10240K, 0% used [0x00000000d7500000,0x00000000d7500000,0x00000000d7f00000)
 ParOldGen       total 68608K, used 25796K [0x0000000080000000, 0x0000000084300000, 0x00000000d5580000)
  object space 68608K, 37% used [0x0000000080000000,0x00000000819313c8,0x0000000084300000)
 Metaspace       used 39944K, committed 41152K, reserved 1114112K
  class space    used 4340K, committed 4864K, reserved 1048576K
}
Event: 12.683 GC heap before
{Heap before GC invocations=20 (full 2):
 PSYoungGen      total 25088K, used 25065K [0x00000000d5580000, 0x00000000d7f00000, 0x0000000100000000)
  eden space 20992K, 100% used [0x00000000d5580000,0x00000000d6a00000,0x00000000d6a00000)
  from space 4096K, 99% used [0x00000000d6a00000,0x00000000d6dfa748,0x00000000d6e00000)
  to   space 10240K, 0% used [0x00000000d7500000,0x00000000d7500000,0x00000000d7f00000)
 ParOldGen       total 68608K, used 25812K [0x0000000080000000, 0x0000000084300000, 0x00000000d5580000)
  object space 68608K, 37% used [0x0000000080000000,0x0000000081935338,0x0000000084300000)
 Metaspace       used 41664K, committed 42880K, reserved 1114112K
  class space    used 4593K, committed 5120K, reserved 1048576K
}
Event: 12.687 GC heap after
{Heap after GC invocations=20 (full 2):
 PSYoungGen      total 22016K, used 608K [0x00000000d5580000, 0x00000000d7600000, 0x0000000100000000)
  eden space 20992K, 0% used [0x00000000d5580000,0x00000000d5580000,0x00000000d6a00000)
  from space 1024K, 59% used [0x00000000d7500000,0x00000000d7598000,0x00000000d7600000)
  to   space 4096K, 0% used [0x00000000d6e00000,0x00000000d6e00000,0x00000000d7200000)
 ParOldGen       total 68608K, used 29814K [0x0000000080000000, 0x0000000084300000, 0x00000000d5580000)
  object space 68608K, 43% used [0x0000000080000000,0x0000000081d1dbd8,0x0000000084300000)
 Metaspace       used 41664K, committed 42880K, reserved 1114112K
  class space    used 4593K, committed 5120K, reserved 1048576K
}
Event: 13.171 GC heap before
{Heap before GC invocations=21 (full 2):
 PSYoungGen      total 22016K, used 21600K [0x00000000d5580000, 0x00000000d7600000, 0x0000000100000000)
  eden space 20992K, 100% used [0x00000000d5580000,0x00000000d6a00000,0x00000000d6a00000)
  from space 1024K, 59% used [0x00000000d7500000,0x00000000d7598000,0x00000000d7600000)
  to   space 4096K, 0% used [0x00000000d6e00000,0x00000000d6e00000,0x00000000d7200000)
 ParOldGen       total 68608K, used 29814K [0x0000000080000000, 0x0000000084300000, 0x00000000d5580000)
  object space 68608K, 43% used [0x0000000080000000,0x0000000081d1dbd8,0x0000000084300000)
 Metaspace       used 43579K, committed 44800K, reserved 1114112K
  class space    used 4906K, committed 5440K, reserved 1048576K
}
Event: 13.173 GC heap after
{Heap after GC invocations=21 (full 2):
 PSYoungGen      total 25088K, used 1024K [0x00000000d5580000, 0x00000000d7580000, 0x0000000100000000)
  eden space 20992K, 0% used [0x00000000d5580000,0x00000000d5580000,0x00000000d6a00000)
  from space 4096K, 25% used [0x00000000d6e00000,0x00000000d6f00000,0x00000000d7200000)
  to   space 1536K, 0% used [0x00000000d7400000,0x00000000d7400000,0x00000000d7580000)
 ParOldGen       total 68608K, used 30283K [0x0000000080000000, 0x0000000084300000, 0x00000000d5580000)
  object space 68608K, 44% used [0x0000000080000000,0x0000000081d92f30,0x0000000084300000)
 Metaspace       used 43579K, committed 44800K, reserved 1114112K
  class space    used 4906K, committed 5440K, reserved 1048576K
}
Event: 13.807 GC heap before
{Heap before GC invocations=22 (full 2):
 PSYoungGen      total 25088K, used 22016K [0x00000000d5580000, 0x00000000d7580000, 0x0000000100000000)
  eden space 20992K, 100% used [0x00000000d5580000,0x00000000d6a00000,0x00000000d6a00000)
  from space 4096K, 25% used [0x00000000d6e00000,0x00000000d6f00000,0x00000000d7200000)
  to   space 1536K, 0% used [0x00000000d7400000,0x00000000d7400000,0x00000000d7580000)
 ParOldGen       total 68608K, used 30283K [0x0000000080000000, 0x0000000084300000, 0x00000000d5580000)
  object space 68608K, 44% used [0x0000000080000000,0x0000000081d92f30,0x0000000084300000)
 Metaspace       used 45576K, committed 46784K, reserved 1114112K
  class space    used 5164K, committed 5696K, reserved 1048576K
}
Event: 13.809 GC heap after
{Heap after GC invocations=22 (full 2):
 PSYoungGen      total 22016K, used 992K [0x00000000d5580000, 0x00000000d7500000, 0x0000000100000000)
  eden space 20992K, 0% used [0x00000000d5580000,0x00000000d5580000,0x00000000d6a00000)
  from space 1024K, 96% used [0x00000000d7400000,0x00000000d74f8000,0x00000000d7500000)
  to   space 1536K, 0% used [0x00000000d7200000,0x00000000d7200000,0x00000000d7380000)
 ParOldGen       total 68608K, used 31107K [0x0000000080000000, 0x0000000084300000, 0x00000000d5580000)
  object space 68608K, 45% used [0x0000000080000000,0x0000000081e60f40,0x0000000084300000)
 Metaspace       used 45576K, committed 46784K, reserved 1114112K
  class space    used 5164K, committed 5696K, reserved 1048576K
}
Event: 14.645 GC heap before
{Heap before GC invocations=23 (full 2):
 PSYoungGen      total 22016K, used 21984K [0x00000000d5580000, 0x00000000d7500000, 0x0000000100000000)
  eden space 20992K, 100% used [0x00000000d5580000,0x00000000d6a00000,0x00000000d6a00000)
  from space 1024K, 96% used [0x00000000d7400000,0x00000000d74f8000,0x00000000d7500000)
  to   space 1536K, 0% used [0x00000000d7200000,0x00000000d7200000,0x00000000d7380000)
 ParOldGen       total 68608K, used 31107K [0x0000000080000000, 0x0000000084300000, 0x00000000d5580000)
  object space 68608K, 45% used [0x0000000080000000,0x0000000081e60f40,0x0000000084300000)
 Metaspace       used 46259K, committed 47424K, reserved 1114112K
  class space    used 5246K, committed 5760K, reserved 1048576K
}
Event: 14.648 GC heap after
{Heap after GC invocations=23 (full 2):
 PSYoungGen      total 22528K, used 736K [0x00000000d5580000, 0x00000000d7480000, 0x0000000100000000)
  eden space 20992K, 0% used [0x00000000d5580000,0x00000000d5580000,0x00000000d6a00000)
  from space 1536K, 47% used [0x00000000d7200000,0x00000000d72b8000,0x00000000d7380000)
  to   space 1024K, 0% used [0x00000000d7380000,0x00000000d7380000,0x00000000d7480000)
 ParOldGen       total 68608K, used 31898K [0x0000000080000000, 0x0000000084300000, 0x00000000d5580000)
  object space 68608K, 46% used [0x0000000080000000,0x0000000081f268f8,0x0000000084300000)
 Metaspace       used 46259K, committed 47424K, reserved 1114112K
  class space    used 5246K, committed 5760K, reserved 1048576K
}
Event: 15.457 GC heap before
{Heap before GC invocations=24 (full 2):
 PSYoungGen      total 22528K, used 21728K [0x00000000d5580000, 0x00000000d7480000, 0x0000000100000000)
  eden space 20992K, 100% used [0x00000000d5580000,0x00000000d6a00000,0x00000000d6a00000)
  from space 1536K, 47% used [0x00000000d7200000,0x00000000d72b8000,0x00000000d7380000)
  to   space 1024K, 0% used [0x00000000d7380000,0x00000000d7380000,0x00000000d7480000)
 ParOldGen       total 68608K, used 31898K [0x0000000080000000, 0x0000000084300000, 0x00000000d5580000)
  object space 68608K, 46% used [0x0000000080000000,0x0000000081f268f8,0x0000000084300000)
 Metaspace       used 47054K, committed 48256K, reserved 1114112K
  class space    used 5357K, committed 5888K, reserved 1048576K
}
Event: 15.460 GC heap after
{Heap after GC invocations=24 (full 2):
 PSYoungGen      total 22016K, used 1011K [0x00000000d5580000, 0x00000000d7480000, 0x0000000100000000)
  eden space 20992K, 0% used [0x00000000d5580000,0x00000000d5580000,0x00000000d6a00000)
  from space 1024K, 98% used [0x00000000d7380000,0x00000000d747cea0,0x00000000d7480000)
  to   space 2048K, 0% used [0x00000000d7080000,0x00000000d7080000,0x00000000d7280000)
 ParOldGen       total 68608K, used 32498K [0x0000000080000000, 0x0000000084300000, 0x00000000d5580000)
  object space 68608K, 47% used [0x0000000080000000,0x0000000081fbc8f8,0x0000000084300000)
 Metaspace       used 47054K, committed 48256K, reserved 1114112K
  class space    used 5357K, committed 5888K, reserved 1048576K
}

Dll operation events (11 events):
Event: 0.033 Loaded shared library c:\Users\Nachireddy\.vscode\extensions\redhat.java-1.55.0-win32-x64\jre\21.0.11-win32-x86_64\bin\java.dll
Event: 0.155 Loaded shared library c:\Users\Nachireddy\.vscode\extensions\redhat.java-1.55.0-win32-x64\jre\21.0.11-win32-x86_64\bin\zip.dll
Event: 0.267 Loaded shared library C:\Users\Nachireddy\.vscode\extensions\redhat.java-1.55.0-win32-x64\jre\21.0.11-win32-x86_64\bin\instrument.dll
Event: 0.299 Loaded shared library C:\Users\Nachireddy\.vscode\extensions\redhat.java-1.55.0-win32-x64\jre\21.0.11-win32-x86_64\bin\net.dll
Event: 0.313 Loaded shared library C:\Users\Nachireddy\.vscode\extensions\redhat.java-1.55.0-win32-x64\jre\21.0.11-win32-x86_64\bin\nio.dll
Event: 0.322 Loaded shared library C:\Users\Nachireddy\.vscode\extensions\redhat.java-1.55.0-win32-x64\jre\21.0.11-win32-x86_64\bin\zip.dll
Event: 0.375 Loaded shared library C:\Users\Nachireddy\.vscode\extensions\redhat.java-1.55.0-win32-x64\jre\21.0.11-win32-x86_64\bin\jimage.dll
Event: 0.616 Loaded shared library c:\Users\Nachireddy\.vscode\extensions\redhat.java-1.55.0-win32-x64\jre\21.0.11-win32-x86_64\bin\verify.dll
Event: 3.130 Loaded shared library C:\Users\Nachireddy\AppData\Roaming\Code\User\globalStorage\redhat.java\1.55.0\config_win\org.eclipse.equinox.launcher\org.eclipse.equinox.launcher.win32.win32.x86_64_1.3.100.v20260613-0559\eclipse_11924.dll
Event: 8.084 Loaded shared library C:\Users\Nachireddy\AppData\Local\Temp\jna--7491179\jna13006072496008551678.dll
Event: 12.733 Loaded shared library C:\Users\Nachireddy\.gradle\native\1def1411415f61bf3af743bc5b6707747c0891f09f0c88961ee8f79bc544acac\windows-amd64\native-platform.dll

Deoptimization events (20 events):
Event: 14.473 Thread 0x00000215e4a608d0 Uncommon trap: trap_request=0xfffffff4 fr.pc=0x00000215d1e6e07c relative=0x000000000000033c
Event: 14.473 Thread 0x00000215e4a608d0 Uncommon trap: reason=null_check action=make_not_entrant pc=0x00000215d1e6e07c method=sun.invoke.util.VerifyType.isNullConversion(Ljava/lang/Class;Ljava/lang/Class;Z)Z @ 67 c2
Event: 14.473 Thread 0x00000215e4a608d0 DEOPT PACKING pc=0x00000215d1e6e07c sp=0x0000002c59bfcd40
Event: 14.473 Thread 0x00000215e4a608d0 DEOPT UNPACKING pc=0x00000215d1756da2 sp=0x0000002c59bfccc0 mode 2
Event: 14.485 Thread 0x00000215e4a608d0 Uncommon trap: trap_request=0xffffff45 fr.pc=0x00000215d1df5904 relative=0x00000000000002a4
Event: 14.485 Thread 0x00000215e4a608d0 Uncommon trap: reason=unstable_if action=reinterpret pc=0x00000215d1df5904 method=java.lang.ClassLoader.checkName(Ljava/lang/String;)Z @ 1 c2
Event: 14.485 Thread 0x00000215e4a608d0 DEOPT PACKING pc=0x00000215d1df5904 sp=0x0000002c59bfe030
Event: 14.485 Thread 0x00000215e4a608d0 DEOPT UNPACKING pc=0x00000215d1756da2 sp=0x0000002c59bfdfc8 mode 2
Event: 14.485 Thread 0x00000215e4a608d0 Uncommon trap: trap_request=0xffffff45 fr.pc=0x00000215d1d54c50 relative=0x0000000000000f90
Event: 14.485 Thread 0x00000215e4a608d0 Uncommon trap: reason=unstable_if action=reinterpret pc=0x00000215d1d54c50 method=lombok.patcher.ScriptManager$OurClassFileTransformer.transform(Ljava/lang/ClassLoader;Ljava/lang/String;Ljava/lang/Class;Ljava/security/ProtectionDomain;[B)[B @ 1 c2
Event: 14.485 Thread 0x00000215e4a608d0 DEOPT PACKING pc=0x00000215d1d54c50 sp=0x0000002c59bfccb0
Event: 14.485 Thread 0x00000215e4a608d0 DEOPT UNPACKING pc=0x00000215d1756da2 sp=0x0000002c59bfcc30 mode 2
Event: 14.546 Thread 0x00000215e57d7ba0 Uncommon trap: trap_request=0xffffffde fr.pc=0x00000215d1e0b14c relative=0x0000000000000dec
Event: 14.546 Thread 0x00000215e57d7ba0 Uncommon trap: reason=class_check action=maybe_recompile pc=0x00000215d1e0b14c method=java.util.HashMap.putVal(ILjava/lang/Object;Ljava/lang/Object;ZZ)Ljava/lang/Object; @ 203 c2
Event: 14.546 Thread 0x00000215e57d7ba0 DEOPT PACKING pc=0x00000215d1e0b14c sp=0x0000002c5b0fd4c0
Event: 14.546 Thread 0x00000215e57d7ba0 DEOPT UNPACKING pc=0x00000215d1756da2 sp=0x0000002c5b0fd348 mode 2
Event: 14.546 Thread 0x00000215e57d7ba0 Uncommon trap: trap_request=0xffffffde fr.pc=0x00000215d1e0b14c relative=0x0000000000000dec
Event: 14.546 Thread 0x00000215e57d7ba0 Uncommon trap: reason=class_check action=maybe_recompile pc=0x00000215d1e0b14c method=java.util.HashMap.putVal(ILjava/lang/Object;Ljava/lang/Object;ZZ)Ljava/lang/Object; @ 203 c2
Event: 14.554 Thread 0x00000215e57d7ba0 DEOPT PACKING pc=0x00000215d1e0b14c sp=0x0000002c5b0fd4c0
Event: 14.554 Thread 0x00000215e57d7ba0 DEOPT UNPACKING pc=0x00000215d1756da2 sp=0x0000002c5b0fd348 mode 2

Classes loaded (20 events):
Event: 12.666 Loading class sun/reflect/annotation/AnnotatedTypeFactory$AnnotatedParameterizedTypeImpl
Event: 12.667 Loading class java/lang/reflect/AnnotatedParameterizedType
Event: 12.667 Loading class java/lang/reflect/AnnotatedParameterizedType done
Event: 12.667 Loading class sun/reflect/annotation/AnnotatedTypeFactory$AnnotatedParameterizedTypeImpl done
Event: 12.959 Loading class java/lang/Class$EnclosingMethodInfo
Event: 12.959 Loading class java/lang/Class$EnclosingMethodInfo done
Event: 13.214 Loading class sun/reflect/generics/scope/ConstructorScope
Event: 13.214 Loading class sun/reflect/generics/scope/ConstructorScope done
Event: 13.214 Loading class sun/reflect/generics/tree/VoidDescriptor
Event: 13.214 Loading class sun/reflect/generics/tree/VoidDescriptor done
Event: 13.318 Loading class java/util/concurrent/CompletionService
Event: 13.318 Loading class java/util/concurrent/CompletionService done
Event: 13.358 Loading class java/nio/channels/ServerSocketChannel
Event: 13.359 Loading class java/nio/channels/ServerSocketChannel done
Event: 13.731 Loading class sun/reflect/generics/repository/FieldRepository
Event: 13.732 Loading class sun/reflect/generics/repository/FieldRepository done
Event: 14.435 Loading class java/lang/ExceptionInInitializerError
Event: 14.436 Loading class java/lang/ExceptionInInitializerError done
Event: 14.479 Loading class jdk/internal/org/objectweb/asm/ClassReader
Event: 14.481 Loading class jdk/internal/org/objectweb/asm/ClassReader done

Classes unloaded (7 events):
Event: 8.996 Thread 0x00000215c7071840 Unloading class 0x00000215811ab000 'java/lang/invoke/LambdaForm$MH+0x00000215811ab000'
Event: 8.996 Thread 0x00000215c7071840 Unloading class 0x00000215811aac00 'java/lang/invoke/LambdaForm$MH+0x00000215811aac00'
Event: 8.996 Thread 0x00000215c7071840 Unloading class 0x00000215811aa800 'java/lang/invoke/LambdaForm$MH+0x00000215811aa800'
Event: 8.996 Thread 0x00000215c7071840 Unloading class 0x00000215811aa400 'java/lang/invoke/LambdaForm$MH+0x00000215811aa400'
Event: 8.996 Thread 0x00000215c7071840 Unloading class 0x00000215811aa000 'java/lang/invoke/LambdaForm$BMH+0x00000215811aa000'
Event: 8.996 Thread 0x00000215c7071840 Unloading class 0x00000215811a9c00 'java/lang/invoke/LambdaForm$DMH+0x00000215811a9c00'
Event: 8.996 Thread 0x00000215c7071840 Unloading class 0x00000215811a8800 'java/lang/invoke/LambdaForm$DMH+0x00000215811a8800'

Classes redefined (0 events):
No events

Internal exceptions (20 events):
Event: 11.012 Thread 0x00000215e4a5d450 Exception <a 'java/lang/NoSuchMethodError'{0x00000000d66566b8}: 'void java.lang.invoke.DirectMethodHandle$Holder.invokeStaticInit(java.lang.Object, java.lang.Object, java.lang.Object, java.lang.Object)'> (0x00000000d66566b8) 
thrown [s\src\hotspot\share\interpreter\linkResolver.cpp, line 773]
Event: 11.062 Thread 0x00000215e4a615f0 Exception <a 'java/lang/NoSuchMethodError'{0x00000000d558e028}: 'void java.lang.invoke.DirectMethodHandle$Holder.invokeStaticInit(java.lang.Object, java.lang.Object, java.lang.Object)'> (0x00000000d558e028) 
thrown [s\src\hotspot\share\interpreter\linkResolver.cpp, line 773]
Event: 11.246 Thread 0x00000215e4a5f520 Exception <a 'java/io/FileNotFoundException'{0x00000000d599ba30}> (0x00000000d599ba30) 
thrown [s\src\hotspot\share\prims\jni.cpp, line 520]
Event: 11.247 Thread 0x00000215e4a5f520 Exception <a 'java/io/FileNotFoundException'{0x00000000d599cfe8}> (0x00000000d599cfe8) 
thrown [s\src\hotspot\share\prims\jni.cpp, line 520]
Event: 11.249 Thread 0x00000215e4a5f520 Exception <a 'java/lang/NoSuchMethodError'{0x00000000d5a11bb0}: 'java.lang.Object java.lang.invoke.DirectMethodHandle$Holder.newInvokeSpecial(java.lang.Object, java.lang.Object, java.lang.Object, int)'> (0x00000000d5a11bb0) 
thrown [s\src\hotspot\share\interpreter\linkResolver.cpp, line 773]
Event: 11.249 Thread 0x00000215e4a5f520 Exception <a 'java/lang/NoSuchMethodError'{0x00000000d5a15828}: 'java.lang.Object java.lang.invoke.DirectMethodHandle$Holder.invokeSpecial(java.lang.Object, java.lang.Object, java.lang.Object, java.lang.Object, int)'> (0x00000000d5a15828) 
thrown [s\src\hotspot\share\interpreter\linkResolver.cpp, line 773]
Event: 11.250 Thread 0x00000215e4a5f520 Exception <a 'java/lang/NoSuchMethodError'{0x00000000d5a18cd0}: 'java.lang.Object java.lang.invoke.Invokers$Holder.linkToTargetMethod(java.lang.Object, java.lang.Object, int, java.lang.Object)'> (0x00000000d5a18cd0) 
thrown [s\src\hotspot\share\interpreter\linkResolver.cpp, line 773]
Event: 11.259 Thread 0x00000215e4a615f0 Exception <a 'java/lang/NoSuchMethodError'{0x00000000d5b27258}: 'java.lang.Object java.lang.invoke.DirectMethodHandle$Holder.invokeVirtual(java.lang.Object, java.lang.Object, java.lang.Object, java.lang.Object)'> (0x00000000d5b27258) 
thrown [s\src\hotspot\share\interpreter\linkResolver.cpp, line 773]
Event: 11.264 Thread 0x00000215e4a615f0 Exception <a 'java/lang/NoSuchMethodError'{0x00000000d5ba05c8}: 'java.lang.Object java.lang.invoke.DirectMethodHandle$Holder.invokeVirtual(java.lang.Object, java.lang.Object, java.lang.Object, java.lang.Object, java.lang.Object)'> (0x00000000d5ba05c8) 
thrown [s\src\hotspot\share\interpreter\linkResolver.cpp, line 773]
Event: 11.544 Thread 0x00000215c4c88980 Exception <a 'java/lang/NoSuchMethodError'{0x00000000d57f0c30}: 'void java.lang.invoke.DirectMethodHandle$Holder.invokeSpecial(java.lang.Object, java.lang.Object, java.lang.Object, java.lang.Object, java.lang.Object, java.lang.Object)'> (0x00000000d57f0c30) 
thrown [s\src\hotspot\share\interpreter\linkResolver.cpp, line 773]
Event: 11.549 Thread 0x00000215c4c88980 Exception <a 'java/lang/IncompatibleClassChangeError'{0x00000000d57f9bf8}: Found class java.lang.Object, but interface was expected> (0x00000000d57f9bf8) 
thrown [s\src\hotspot\share\interpreter\linkResolver.cpp, line 840]
Event: 11.550 Thread 0x00000215c4c88980 Exception <a 'java/lang/IncompatibleClassChangeError'{0x00000000d57fadb0}: Found class java.lang.Object, but interface was expected> (0x00000000d57fadb0) 
thrown [s\src\hotspot\share\interpreter\linkResolver.cpp, line 840]
Event: 11.764 Thread 0x00000215e57d7ba0 Implicit null exception at 0x00000215d1d7851b to 0x00000215d1d7876c
Event: 11.790 Thread 0x00000215e4a608d0 Exception <a 'java/lang/NoClassDefFoundError'{0x00000000d6354aa0}: javax/enterprise/inject/Typed> (0x00000000d6354aa0) 
thrown [s\src\hotspot\share\classfile\systemDictionary.cpp, line 302]
Event: 13.706 Thread 0x00000215e57d7ba0 Exception <a 'java/lang/NoSuchMethodError'{0x00000000d66c8b30}: 'int java.lang.invoke.DirectMethodHandle$Holder.invokeSpecial(java.lang.Object, java.lang.Object, java.lang.Object, java.lang.Object)'> (0x00000000d66c8b30) 
thrown [s\src\hotspot\share\interpreter\linkResolver.cpp, line 773]
Event: 14.438 Thread 0x00000215e4a608d0 Exception <a 'java/lang/ExceptionInInitializerError'{0x00000000d62c5b28}> (0x00000000d62c5b28) 
thrown [s\src\hotspot\share\oops\instanceKlass.cpp, line 1218]
Event: 14.473 Thread 0x00000215e4a608d0 Implicit null exception at 0x00000215d1e6ddf7 to 0x00000215d1e6e068
Event: 14.485 Thread 0x00000215e4a608d0 Implicit null exception at 0x00000215d1df567e to 0x00000215d1df58f0
Event: 14.485 Thread 0x00000215e4a608d0 Implicit null exception at 0x00000215d1d53d1c to 0x00000215d1d54c40
Event: 14.500 Thread 0x00000215e4a608d0 Exception <a 'java/lang/NoSuchMethodError'{0x00000000d6614968}: 'java.lang.Object java.lang.invoke.Invokers$Holder.invokeExact_MT(java.lang.Object, int, java.lang.Object)'> (0x00000000d6614968) 
thrown [s\src\hotspot\share\interpreter\linkResolver.cpp, line 773]

ZGC Phase Switch (0 events):
No events

VM Operations (20 events):
Event: 12.232 Executing safepoint VM operation: ParallelGCFailedAllocation (Allocation Failure)
Event: 12.233 Executing safepoint VM operation: ParallelGCFailedAllocation (Allocation Failure) done
Event: 12.233 Executing safepoint VM operation: ParallelGCSystemGC (GCLocker Initiated GC)
Event: 12.235 Executing safepoint VM operation: ParallelGCSystemGC (GCLocker Initiated GC) done
Event: 12.683 Executing safepoint VM operation: ParallelGCFailedAllocation (Allocation Failure)
Event: 12.687 Executing safepoint VM operation: ParallelGCFailedAllocation (Allocation Failure) done
Event: 12.857 Executing non-safepoint VM operation: HandshakeAllThreads (Deoptimize)
Event: 12.880 Executing non-safepoint VM operation: HandshakeAllThreads (Deoptimize) done
Event: 13.112 Executing non-safepoint VM operation: HandshakeAllThreads (Deoptimize)
Event: 13.112 Executing non-safepoint VM operation: HandshakeAllThreads (Deoptimize) done
Event: 13.171 Executing safepoint VM operation: ParallelGCFailedAllocation (Allocation Failure)
Event: 13.173 Executing safepoint VM operation: ParallelGCFailedAllocation (Allocation Failure) done
Event: 13.806 Executing safepoint VM operation: ParallelGCFailedAllocation (Allocation Failure)
Event: 13.809 Executing safepoint VM operation: ParallelGCFailedAllocation (Allocation Failure) done
Event: 14.645 Executing safepoint VM operation: ParallelGCFailedAllocation (Allocation Failure)
Event: 14.648 Executing safepoint VM operation: ParallelGCFailedAllocation (Allocation Failure) done
Event: 14.785 Executing non-safepoint VM operation: HandshakeAllThreads (Deoptimize)
Event: 14.785 Executing non-safepoint VM operation: HandshakeAllThreads (Deoptimize) done
Event: 15.457 Executing safepoint VM operation: ParallelGCFailedAllocation (Allocation Failure)
Event: 15.460 Executing safepoint VM operation: ParallelGCFailedAllocation (Allocation Failure) done

Memory protections (0 events):
No events

Nmethod flushes (20 events):
Event: 11.197 Thread 0x00000215c7071840 flushing  nmethod 0x00000215ca8a2890
Event: 11.197 Thread 0x00000215c7071840 flushing  nmethod 0x00000215ca8a3190
Event: 11.197 Thread 0x00000215c7071840 flushing  nmethod 0x00000215ca8a4390
Event: 11.197 Thread 0x00000215c7071840 flushing  nmethod 0x00000215ca8a4b90
Event: 11.197 Thread 0x00000215c7071840 flushing  nmethod 0x00000215ca8a5310
Event: 11.197 Thread 0x00000215c7071840 flushing  nmethod 0x00000215ca8a6890
Event: 11.197 Thread 0x00000215c7071840 flushing  nmethod 0x00000215ca8a6d90
Event: 11.197 Thread 0x00000215c7071840 flushing  nmethod 0x00000215ca8a7190
Event: 11.197 Thread 0x00000215c7071840 flushing  nmethod 0x00000215ca8a7d10
Event: 11.197 Thread 0x00000215c7071840 flushing  nmethod 0x00000215ca8a8590
Event: 11.197 Thread 0x00000215c7071840 flushing  nmethod 0x00000215ca8aa010
Event: 11.197 Thread 0x00000215c7071840 flushing  nmethod 0x00000215ca8aad90
Event: 11.197 Thread 0x00000215c7071840 flushing  nmethod 0x00000215ca8ab590
Event: 11.197 Thread 0x00000215c7071840 flushing  nmethod 0x00000215ca8c9190
Event: 11.197 Thread 0x00000215c7071840 flushing  nmethod 0x00000215ca8e6f10
Event: 11.197 Thread 0x00000215c7071840 flushing  nmethod 0x00000215ca8e7c10
Event: 11.197 Thread 0x00000215c7071840 flushing  nmethod 0x00000215ca949910
Event: 11.197 Thread 0x00000215c7071840 flushing  nmethod 0x00000215ca987390
Event: 11.197 Thread 0x00000215c7071840 flushing  nmethod 0x00000215ca9bde90
Event: 11.197 Thread 0x00000215c7071840 flushing  nmethod 0x00000215ca9be310

Events (20 events):
Event: 10.965 Thread 0x00000215c4c88980 Thread added: 0x00000215e4a63030
Event: 10.966 Thread 0x00000215c4c88980 Thread added: 0x00000215e4a643e0
Event: 10.966 Thread 0x00000215c4c88980 Thread added: 0x00000215e57d88c0
Event: 10.966 Thread 0x00000215c4c88980 Thread added: 0x00000215e57d6e80
Event: 10.997 Thread 0x00000215c4c88980 Thread added: 0x00000215e57d8230
Event: 11.051 Thread 0x00000215e4a615f0 Thread added: 0x00000215e57d7510
Event: 11.118 Thread 0x00000215e4a615f0 Thread added: 0x00000215e57d5440
Event: 11.388 Thread 0x00000215e4a615f0 Thread added: 0x00000215e57d7ba0
Event: 11.572 Thread 0x00000215c4c88980 Thread added: 0x00000215e57d8f50
Event: 11.572 Thread 0x00000215c4c88980 Thread added: 0x00000215e57d5ad0
Event: 12.883 Thread 0x00000215e5844360 Thread exited: 0x00000215e5844360
Event: 12.898 Thread 0x00000215e5ab32f0 Thread exited: 0x00000215e5ab32f0
Event: 13.022 Thread 0x00000215c6f7e070 Thread added: 0x00000215e5ab32f0
Event: 13.223 Thread 0x00000215c6f7e070 Thread added: 0x00000215e5844360
Event: 13.932 Thread 0x00000215e5844360 Thread exited: 0x00000215e5844360
Event: 13.932 Thread 0x00000215e5ab32f0 Thread exited: 0x00000215e5ab32f0
Event: 14.530 Thread 0x00000215c6f7e070 Thread added: 0x00000215e7a9bfd0
Event: 14.749 Thread 0x00000215c6f7e070 Thread added: 0x00000215e5ab32f0
Event: 15.279 Thread 0x00000215e5ab32f0 Thread exited: 0x00000215e5ab32f0
Event: 15.460 Thread 0x00000215e7a9bfd0 Thread exited: 0x00000215e7a9bfd0


Dynamic libraries:
0x00007ff6f1920000 - 0x00007ff6f192e000 	c:\Users\Nachireddy\.vscode\extensions\redhat.java-1.55.0-win32-x64\jre\21.0.11-win32-x86_64\bin\java.exe
0x00007ffdb4e80000 - 0x00007ffdb50e6000 	C:\WINDOWS\SYSTEM32\ntdll.dll
0x00007ffdb3b40000 - 0x00007ffdb3c09000 	C:\WINDOWS\System32\KERNEL32.DLL
0x00007ffdb2440000 - 0x00007ffdb283e000 	C:\WINDOWS\System32\KERNELBASE.dll
0x00007ffdb2220000 - 0x00007ffdb236c000 	C:\WINDOWS\System32\ucrtbase.dll
0x00007ffdac820000 - 0x00007ffdac838000 	c:\Users\Nachireddy\.vscode\extensions\redhat.java-1.55.0-win32-x64\jre\21.0.11-win32-x86_64\bin\jli.dll
0x00007ffdb3940000 - 0x00007ffdb3b07000 	C:\WINDOWS\System32\USER32.dll
0x00007ffdb2ad0000 - 0x00007ffdb2af7000 	C:\WINDOWS\System32\win32u.dll
0x00007ffdb3c10000 - 0x00007ffdb3c3b000 	C:\WINDOWS\System32\GDI32.dll
0x00007ffdb2910000 - 0x00007ffdb2a3a000 	C:\WINDOWS\System32\gdi32full.dll
0x00007ffdb2b00000 - 0x00007ffdb2ba3000 	C:\WINDOWS\System32\msvcp_win.dll
0x00007ffdac7f0000 - 0x00007ffdac80e000 	c:\Users\Nachireddy\.vscode\extensions\redhat.java-1.55.0-win32-x64\jre\21.0.11-win32-x86_64\bin\VCRUNTIME140.dll
0x00007ffd9e410000 - 0x00007ffd9e6a2000 	C:\WINDOWS\WinSxS\amd64_microsoft.windows.common-controls_6595b64144ccf1df_6.0.26100.8875_none_3e0d5d42e32fe9dd\COMCTL32.dll
0x00007ffdb4d90000 - 0x00007ffdb4e39000 	C:\WINDOWS\System32\msvcrt.dll
0x00007ffdb3350000 - 0x00007ffdb3382000 	C:\WINDOWS\System32\IMM32.DLL
0x00007ffdac7e0000 - 0x00007ffdac7ec000 	c:\Users\Nachireddy\.vscode\extensions\redhat.java-1.55.0-win32-x64\jre\21.0.11-win32-x86_64\bin\vcruntime140_1.dll
0x00007ffd9f960000 - 0x00007ffd9f9ed000 	c:\Users\Nachireddy\.vscode\extensions\redhat.java-1.55.0-win32-x64\jre\21.0.11-win32-x86_64\bin\msvcp140.dll
0x00007ffd403b0000 - 0x00007ffd41152000 	c:\Users\Nachireddy\.vscode\extensions\redhat.java-1.55.0-win32-x64\jre\21.0.11-win32-x86_64\bin\server\jvm.dll
0x00007ffdb4730000 - 0x00007ffdb47e7000 	C:\WINDOWS\System32\ADVAPI32.dll
0x00007ffdb3890000 - 0x00007ffdb393a000 	C:\WINDOWS\System32\sechost.dll
0x00007ffdb2c40000 - 0x00007ffdb2d58000 	C:\WINDOWS\System32\RPCRT4.dll
0x00007ffdb32a0000 - 0x00007ffdb3320000 	C:\WINDOWS\System32\WS2_32.dll
0x00007ffdb1f00000 - 0x00007ffdb1f5e000 	C:\WINDOWS\SYSTEM32\POWRPROF.dll
0x00007ffd9e3d0000 - 0x00007ffd9e406000 	C:\WINDOWS\SYSTEM32\WINMM.dll
0x00007ffda2470000 - 0x00007ffda247b000 	C:\WINDOWS\SYSTEM32\VERSION.dll
0x00007ffdb1ee0000 - 0x00007ffdb1ef4000 	C:\WINDOWS\SYSTEM32\UMPDC.dll
0x00007ffdb0d80000 - 0x00007ffdb0d9b000 	C:\WINDOWS\SYSTEM32\kernel.appcore.dll
0x00007ffdac7d0000 - 0x00007ffdac7da000 	c:\Users\Nachireddy\.vscode\extensions\redhat.java-1.55.0-win32-x64\jre\21.0.11-win32-x86_64\bin\jimage.dll
0x00007ffdaf840000 - 0x00007ffdafa82000 	C:\WINDOWS\SYSTEM32\DBGHELP.DLL
0x00007ffdb2f10000 - 0x00007ffdb3293000 	C:\WINDOWS\System32\combase.dll
0x00007ffdb4600000 - 0x00007ffdb46d9000 	C:\WINDOWS\System32\OLEAUT32.dll
0x00007ffd9a040000 - 0x00007ffd9a07b000 	C:\WINDOWS\SYSTEM32\dbgcore.DLL
0x00007ffdb2380000 - 0x00007ffdb242c000 	C:\WINDOWS\System32\bcryptPrimitives.dll
0x00007ffdac490000 - 0x00007ffdac49f000 	c:\Users\Nachireddy\.vscode\extensions\redhat.java-1.55.0-win32-x64\jre\21.0.11-win32-x86_64\bin\instrument.dll
0x00007ffd9f910000 - 0x00007ffd9f930000 	c:\Users\Nachireddy\.vscode\extensions\redhat.java-1.55.0-win32-x64\jre\21.0.11-win32-x86_64\bin\java.dll
0x00007ffdb3c70000 - 0x00007ffdb4402000 	C:\WINDOWS\System32\SHELL32.dll
0x00007ffdafb20000 - 0x00007ffdb03b2000 	C:\WINDOWS\SYSTEM32\windows.storage.dll
0x00007ffdb4410000 - 0x00007ffdb4507000 	C:\WINDOWS\System32\SHCORE.dll
0x00007ffdb4590000 - 0x00007ffdb45f7000 	C:\WINDOWS\System32\shlwapi.dll
0x00007ffdb1fc0000 - 0x00007ffdb1fe9000 	C:\WINDOWS\SYSTEM32\profapi.dll
0x00007ffd9f880000 - 0x00007ffd9f898000 	c:\Users\Nachireddy\.vscode\extensions\redhat.java-1.55.0-win32-x64\jre\21.0.11-win32-x86_64\bin\zip.dll
0x00007ffda2e60000 - 0x00007ffda2e70000 	C:\Users\Nachireddy\.vscode\extensions\redhat.java-1.55.0-win32-x64\jre\21.0.11-win32-x86_64\bin\net.dll
0x00007ffdaacf0000 - 0x00007ffdaae17000 	C:\WINDOWS\SYSTEM32\WINHTTP.dll
0x00007ffdb1330000 - 0x00007ffdb139c000 	C:\WINDOWS\system32\mswsock.dll
0x00007ffd9f860000 - 0x00007ffd9f876000 	C:\Users\Nachireddy\.vscode\extensions\redhat.java-1.55.0-win32-x64\jre\21.0.11-win32-x86_64\bin\nio.dll
0x00007ffda2e30000 - 0x00007ffda2e40000 	c:\Users\Nachireddy\.vscode\extensions\redhat.java-1.55.0-win32-x64\jre\21.0.11-win32-x86_64\bin\verify.dll
0x00007ffd9f110000 - 0x00007ffd9f155000 	C:\Users\Nachireddy\AppData\Roaming\Code\User\globalStorage\redhat.java\1.55.0\config_win\org.eclipse.equinox.launcher\org.eclipse.equinox.launcher.win32.win32.x86_64_1.3.100.v20260613-0559\eclipse_11924.dll
0x00007ffdb2d60000 - 0x00007ffdb2ef9000 	C:\WINDOWS\System32\ole32.dll
0x00007ffdb1630000 - 0x00007ffdb164b000 	C:\WINDOWS\SYSTEM32\CRYPTSP.dll
0x00007ffdb0ce0000 - 0x00007ffdb0d19000 	C:\WINDOWS\system32\rsaenh.dll
0x00007ffdb13f0000 - 0x00007ffdb1422000 	C:\WINDOWS\SYSTEM32\USERENV.dll
0x00007ffdb1f90000 - 0x00007ffdb1fba000 	C:\WINDOWS\SYSTEM32\bcrypt.dll
0x00007ffdb1650000 - 0x00007ffdb165c000 	C:\WINDOWS\SYSTEM32\CRYPTBASE.dll
0x00007ffdb0730000 - 0x00007ffdb0763000 	C:\WINDOWS\SYSTEM32\IPHLPAPI.DLL
0x00007ffdb2f00000 - 0x00007ffdb2f0a000 	C:\WINDOWS\System32\NSI.dll
0x00007ffd8d910000 - 0x00007ffd8d959000 	C:\Users\Nachireddy\AppData\Local\Temp\jna--7491179\jna13006072496008551678.dll
0x00007ffdb33f0000 - 0x00007ffdb33f8000 	C:\WINDOWS\System32\PSAPI.DLL
0x00007ffdab060000 - 0x00007ffdab07d000 	C:\WINDOWS\SYSTEM32\dhcpcsvc6.DLL
0x00007ffdab030000 - 0x00007ffdab055000 	C:\WINDOWS\SYSTEM32\dhcpcsvc.DLL
0x00007ffd9f530000 - 0x00007ffd9f557000 	C:\Users\Nachireddy\.gradle\native\1def1411415f61bf3af743bc5b6707747c0891f09f0c88961ee8f79bc544acac\windows-amd64\native-platform.dll

JVMTI agents:
c:\Users\Nachireddy\.vscode\extensions\redhat.java-1.55.0-win32-x64\lombok\lombok-1.18.39-4050.jar path:c:\Users\Nachireddy\.vscode\extensions\redhat.java-1.55.0-win32-x64\jre\21.0.11-win32-x86_64\bin\instrument.dll, loaded, initialized, instrumentlib options:none

dbghelp: loaded successfully - version: 4.0.5 - missing functions: none
symbol engine: initialized successfully - sym options: 0x614 - pdb path: .;c:\Users\Nachireddy\.vscode\extensions\redhat.java-1.55.0-win32-x64\jre\21.0.11-win32-x86_64\bin;C:\WINDOWS\SYSTEM32;C:\WINDOWS\WinSxS\amd64_microsoft.windows.common-controls_6595b64144ccf1df_6.0.26100.8875_none_3e0d5d42e32fe9dd;c:\Users\Nachireddy\.vscode\extensions\redhat.java-1.55.0-win32-x64\jre\21.0.11-win32-x86_64\bin\server;C:\Users\Nachireddy\AppData\Roaming\Code\User\globalStorage\redhat.java\1.55.0\config_win\org.eclipse.equinox.launcher\org.eclipse.equinox.launcher.win32.win32.x86_64_1.3.100.v20260613-0559;C:\Users\Nachireddy\AppData\Local\Temp\jna--7491179;C:\Users\Nachireddy\.gradle\native\1def1411415f61bf3af743bc5b6707747c0891f09f0c88961ee8f79bc544acac\windows-amd64

VM Arguments:
jvm_args: --add-modules=ALL-SYSTEM --add-opens=java.base/java.util=ALL-UNNAMED --add-opens=java.base/java.lang=ALL-UNNAMED --add-opens=java.base/sun.nio.fs=ALL-UNNAMED -Declipse.application=org.eclipse.jdt.ls.core.id1 -Dosgi.bundles.defaultStartLevel=4 -Declipse.product=org.eclipse.jdt.ls.core.product -Djava.import.generatesMetadataFilesAtProjectRoot=false -DDetectVMInstallationsJob.disabled=true -Dfile.encoding=utf8 -XX:+UseParallelGC -XX:GCTimeRatio=4 -XX:AdaptiveSizePolicyWeight=90 -Dsun.zip.disableMemoryMapping=true -Xmx2G -Xms100m -Xlog:disable -javaagent:c:\Users\Nachireddy\.vscode\extensions\redhat.java-1.55.0-win32-x64\lombok\lombok-1.18.39-4050.jar -XX:+HeapDumpOnOutOfMemoryError -XX:HeapDumpPath=c:\Users\Nachireddy\AppData\Roaming\Code\User\workspaceStorage\b0977ca8e33bdc3c0f91a6a176fa6358\redhat.java -Daether.dependencyCollector.impl=bf 
java_command: c:\Users\Nachireddy\.vscode\extensions\redhat.java-1.55.0-win32-x64\server\plugins\org.eclipse.equinox.launcher_1.7.200.v20260619-2039.jar -configuration c:\Users\Nachireddy\AppData\Roaming\Code\User\globalStorage\redhat.java\1.55.0\config_win -data c:\Users\Nachireddy\AppData\Roaming\Code\User\workspaceStorage\b0977ca8e33bdc3c0f91a6a176fa6358\redhat.java\jdt_ws --pipe=\\.\pipe\lsp-fca632f21818ad7effc4be40e43734ce-sock
java_class_path (initial): c:\Users\Nachireddy\.vscode\extensions\redhat.java-1.55.0-win32-x64\server\plugins\org.eclipse.equinox.launcher_1.7.200.v20260619-2039.jar
Launcher Type: SUN_STANDARD

[Global flags]
    uintx AdaptiveSizePolicyWeight                 = 90                                        {product} {command line}
     intx CICompilerCount                          = 4                                         {product} {ergonomic}
    uintx GCTimeRatio                              = 4                                         {product} {command line}
     bool HeapDumpOnOutOfMemoryError               = true                                   {manageable} {command line}
    ccstr HeapDumpPath                             = c:\Users\Nachireddy\AppData\Roaming\Code\User\workspaceStorage\b0977ca8e33bdc3c0f91a6a176fa6358\redhat.java         {manageable} {command line}
   size_t InitialHeapSize                          = 104857600                                 {product} {command line}
   size_t MaxHeapSize                              = 2147483648                                {product} {command line}
   size_t MaxNewSize                               = 715653120                                 {product} {ergonomic}
   size_t MinHeapDeltaBytes                        = 524288                                    {product} {ergonomic}
   size_t MinHeapSize                              = 104857600                                 {product} {command line}
   size_t NewSize                                  = 34603008                                  {product} {ergonomic}
    uintx NonNMethodCodeHeapSize                   = 5839372                                {pd product} {ergonomic}
    uintx NonProfiledCodeHeapSize                  = 122909434                              {pd product} {ergonomic}
   size_t OldSize                                  = 70254592                                  {product} {ergonomic}
    uintx ProfiledCodeHeapSize                     = 122909434                              {pd product} {ergonomic}
    uintx ReservedCodeCacheSize                    = 251658240                              {pd product} {ergonomic}
     bool SegmentedCodeCache                       = true                                      {product} {ergonomic}
   size_t SoftMaxHeapSize                          = 2147483648                             {manageable} {ergonomic}
     bool UseCompressedOops                        = true                           {product lp64_product} {ergonomic}
     bool UseLargePagesIndividualAllocation        = false                                  {pd product} {ergonomic}
     bool UseParallelGC                            = true                                      {product} {command line}

Logging:
Log output configuration:
 #0: stdout all=off uptime,level,tags foldmultilines=false
 #1: stderr all=off uptime,level,tags foldmultilines=false

Release file:
JAVA_VERSION="21.0.11" 
MODULES="java.base java.compiler java.datatransfer java.xml java.prefs java.desktop java.instrument java.logging java.management java.security.sasl java.naming java.rmi java.management.rmi java.net.http java.scripting java.security.jgss java.transaction.xa java.sql java.sql.rowset java.xml.crypto java.se java.smartcardio jdk.accessibility jdk.internal.jvmstat jdk.attach jdk.charsets jdk.internal.opt jdk.zipfs jdk.compiler jdk.crypto.ec jdk.crypto.cryptoki jdk.crypto.mscapi jdk.dynalink jdk.internal.ed jdk.editpad jdk.hotspot.agent jdk.httpserver jdk.internal.le jdk.internal.vm.ci jdk.internal.vm.compiler jdk.internal.vm.compiler.management jdk.jartool jdk.javadoc jdk.jcmd jdk.management jdk.management.agent jdk.jconsole jdk.jdeps jdk.jdwp.agent jdk.jdi jdk.jfr jdk.jshell jdk.jsobject jdk.jstatd jdk.localedata jdk.management.jfr jdk.naming.dns jdk.naming.rmi jdk.net jdk.nio.mapmode jdk.random jdk.sctp jdk.security.auth jdk.security.jgss jdk.unsupported jdk.unsupported.desktop jdk.xml.dom" 

Environment Variables:
JAVA_HOME=D:\java\jdk-21.0.1
PATH=C:\Program Files\Common Files\Oracle\Java\javapath;C:\Windows\System32;C:\Windows;C:\Windows\System32\wbem;C:\Windows\System32\WindowsPowerShell\v1.0\;C:\Windows\System32\OpenSSH\;C:\Program Files\nodejs\;C:\ProgramData\chocolatey\bin;C:\Program Files\Git\cmd;C:\Program Files (x86)\GnuPG\bin;D:\maven\apache-maven-3.9.5\bin;D:\java\jdk-21.0.1\bin;C:\Program Files\PuTTY\;C:\flutter\bin;;C:\Program Files\Docker\Docker\resources\bin;C:\Users\Nachireddy\AppData\Local\Programs\Python\Python312\Scripts\;C:\Users\Nachireddy\AppData\Local\Programs\Python\Python312\;C:\Users\Nachireddy\AppData\Local\Programs\Python\Launcher\;C:\Users\Nachireddy\AppData\Local\Microsoft\WindowsApps;C:\Users\Nachireddy\AppData\Roaming\npm;C:\Users\Nachireddy\AppData\Local\Programs\Microsoft VS Code\bin;C:\Program Files\JetBrains\IntelliJ IDEA 2023.1.3\bin;;C:\Program Files\JetBrains\IntelliJ IDEA Community Edition 2024.2.1\bin;;D:\maven\apache-maven-3.9.5\bin;C:\Program Files\JetBrains\WebStorm 2024.3\bin;;C:\Users\Nachireddy\dart-sdk\bin;
USERNAME=Nachireddy
OS=Windows_NT
PROCESSOR_IDENTIFIER=Intel64 Family 6 Model 140 Stepping 2, GenuineIntel
TMP=C:\Users\NACHIR~1\AppData\Local\Temp
TEMP=C:\Users\NACHIR~1\AppData\Local\Temp




Periodic native trim disabled

---------------  S Y S T E M  ---------------

OS:
 Windows 11 , 64 bit Build 26100 (10.0.26100.8875)
OS uptime: 0 days 2:02 hours
Hyper-V role detected

CPU: total 8 (initial active 8) (4 cores per cpu, 2 threads per core) family 6 model 140 stepping 2 microcode 0x22, cx8, cmov, fxsr, ht, mmx, 3dnowpref, sse, sse2, sse3, ssse3, sse4.1, sse4.2, popcnt, lzcnt, tsc, tscinvbit, avx, avx2, aes, erms, clmul, bmi1, bmi2, adx, avx512f, avx512dq, avx512cd, avx512bw, avx512vl, sha, fma, vzeroupper, avx512_vpopcntdq, avx512_vpclmulqdq, avx512_vaes, avx512_vnni, clflush, clflushopt, clwb, avx512_vbmi2, avx512_vbmi, hv, rdtscp, rdpid, fsrm, gfni, avx512_bitalg, f16c, cet_ibt, cet_ss, avx512_ifma
Processor Information for processor 0
  Max Mhz: 3187, Current Mhz: 3187, Mhz Limit: 3187
Processor Information for processor 1
  Max Mhz: 3187, Current Mhz: 3187, Mhz Limit: 3187
Processor Information for processor 2
  Max Mhz: 3187, Current Mhz: 3187, Mhz Limit: 3187
Processor Information for processor 3
  Max Mhz: 3187, Current Mhz: 1195, Mhz Limit: 3187
Processor Information for processor 4
  Max Mhz: 3187, Current Mhz: 3187, Mhz Limit: 3187
Processor Information for processor 5
  Max Mhz: 3187, Current Mhz: 3187, Mhz Limit: 3187
Processor Information for processor 6
  Max Mhz: 3187, Current Mhz: 1195, Mhz Limit: 3187
Processor Information for processor 7
  Max Mhz: 3187, Current Mhz: 3187, Mhz Limit: 3187

Memory: 4k page, system-wide physical 16167M (2004M free)
TotalPageFile size 19461M (AvailPageFile size 324M)
current process WorkingSet (physical memory assigned to process): 246M, peak: 259M
current process commit charge ("private bytes"): 359M, peak: 372M

vm_info: OpenJDK 64-Bit Server VM (21.0.11+10-LTS) for windows-amd64 JRE (21.0.11+10-LTS), built on 2026-04-21T00:00:00Z by "admin" with MS VC++ 17.12 (VS2022)

END.
