#
# There is insufficient memory for the Java Runtime Environment to continue.
# Native memory allocation (malloc) failed to allocate 1661456 bytes. Error detail: Chunk::new
# Possible reasons:
#   The system is out of physical RAM or swap space
#   This process is running with CompressedOops enabled, and the Java Heap may be blocking the growth of the native heap
# Possible solutions:
#   Reduce memory load on the system
#   Increase physical memory or swap space
#   Check if swap backing store is full
#   Decrease Java heap size (-Xmx/-Xms)
#   Decrease number of Java threads
#   Decrease Java thread stack sizes (-Xss)
#   Set larger code cache with -XX:ReservedCodeCacheSize=
#   JVM is running with Zero Based Compressed Oops mode in which the Java heap is
#     placed in the first 32GB address space. The Java Heap base address is the
#     maximum limit for the native heap growth. Please use -XX:HeapBaseMinAddress
#     to set the Java Heap base and to place the Java Heap above 32GB virtual address.
# This output file may be truncated or incomplete.
#
#  Out of Memory Error (arena.cpp:168), pid=15984, tid=5896
#
# JRE version: OpenJDK Runtime Environment Temurin-21.0.11+10 (21.0.11+10) (build 21.0.11+10-LTS)
# Java VM: OpenJDK 64-Bit Server VM Temurin-21.0.11+10 (21.0.11+10-LTS, mixed mode, sharing, tiered, compressed oops, compressed class ptrs, g1 gc, windows-amd64)
# No core dump will be written. Minidumps are not enabled by default on client versions of Windows
#

---------------  S U M M A R Y ------------

Command Line: --add-opens=java.base/java.lang=ALL-UNNAMED --add-opens=java.base/java.lang.invoke=ALL-UNNAMED --add-opens=java.base/java.util=ALL-UNNAMED --add-opens=java.prefs/java.util.prefs=ALL-UNNAMED --add-exports=jdk.compiler/com.sun.tools.javac.api=ALL-UNNAMED --add-exports=jdk.compiler/com.sun.tools.javac.util=ALL-UNNAMED --add-opens=java.base/java.util=ALL-UNNAMED --add-opens=java.prefs/java.util.prefs=ALL-UNNAMED --add-opens=java.base/java.nio.charset=ALL-UNNAMED --add-opens=java.base/java.net=ALL-UNNAMED --add-opens=java.base/java.util.concurrent=ALL-UNNAMED --add-opens=java.base/java.util.concurrent.atomic=ALL-UNNAMED --add-opens=java.xml/javax.xml.namespace=ALL-UNNAMED --add-opens=java.base/java.time=ALL-UNNAMED -XX:MaxMetaspaceSize=4G -XX:ReservedCodeCacheSize=512m -XX:+HeapDumpOnOutOfMemoryError -Xmx8G -Dfile.encoding=UTF-8 -Duser.country=IN -Duser.language=en -Duser.variant -javaagent:C:\Users\Nachireddy\.gradle\wrapper\dists\gradle-9.1.0-all\7wzd0jkjit61aq2p43wpjgij9\gradle-9.1.0\lib\agents\gradle-instrumentation-agent-9.1.0.jar org.gradle.launcher.daemon.bootstrap.GradleDaemon 9.1.0

Host: 11th Gen Intel(R) Core(TM) i5-11320H @ 3.20GHz, 8 cores, 15G,  Windows 11 , 64 bit Build 26100 (10.0.26100.8875)
Time: Sat Aug  1 22:47:55 2026 India Standard Time elapsed time: 4.914227 seconds (0d 0h 0m 4s)

---------------  T H R E A D  ---------------

Current thread (0x0000020ee7e67060):  JavaThread "C2 CompilerThread1" daemon [_thread_in_native, id=5896, stack(0x0000005277900000,0x0000005277a00000) (1024K)]


Current CompileTask:
C2:4914 2671   !   4       java.lang.ClassLoader::loadClass (121 bytes)

Stack: [0x0000005277900000,0x0000005277a00000]
Native frames: (J=compiled Java code, j=interpreted, Vv=VM code, C=native code)
V  [jvm.dll+0x6d7e19]
V  [jvm.dll+0x8b5096]
V  [jvm.dll+0x8b764e]
V  [jvm.dll+0x8b7d33]
V  [jvm.dll+0x284596]
V  [jvm.dll+0xc685d]
V  [jvm.dll+0xc6da1]
V  [jvm.dll+0x3bed31]
V  [jvm.dll+0x1e3f42]
V  [jvm.dll+0x24c853]
V  [jvm.dll+0x24bce0]
V  [jvm.dll+0x1cb4ae]
V  [jvm.dll+0x25baad]
V  [jvm.dll+0x25a03a]
V  [jvm.dll+0x3f868e]
V  [jvm.dll+0x85fb0d]
V  [jvm.dll+0x6d664d]
C  [ucrtbase.dll+0x2cd30]
C  [KERNEL32.DLL+0x2e957]
C  [ntdll.dll+0xaad6c]


---------------  P R O C E S S  ---------------

Threads class SMR info:
_java_thread_list=0x0000020ee8245bc0, length=25, elements={
0x0000020ef10518e0, 0x0000020efe997520, 0x0000020efe997f80, 0x0000020efe9989e0,
0x0000020efe999440, 0x0000020efe999ea0, 0x0000020efe99a900, 0x0000020efe99b690,
0x0000020eff242980, 0x0000020eff3de6c0, 0x0000020eff451770, 0x0000020ee7e67060,
0x0000020ee808d020, 0x0000020ee7509d40, 0x0000020ee7fe80e0, 0x0000020ee7f32ef0,
0x0000020ee7f33d70, 0x0000020ee7f52ca0, 0x0000020ee7f564a0, 0x0000020ee7f7e6d0,
0x0000020ee7f7ed40, 0x0000020ee7f8aa50, 0x0000020ee7f8a3c0, 0x0000020ee7f896a0,
0x0000020ee7f89d30
}

Java Threads: ( => current thread )
  0x0000020ef10518e0 JavaThread "main"                              [_thread_blocked, id=8100, stack(0x0000005276200000,0x0000005276300000) (1024K)]
  0x0000020efe997520 JavaThread "Reference Handler"          daemon [_thread_blocked, id=13488, stack(0x0000005276a00000,0x0000005276b00000) (1024K)]
  0x0000020efe997f80 JavaThread "Finalizer"                  daemon [_thread_blocked, id=656, stack(0x0000005276b00000,0x0000005276c00000) (1024K)]
  0x0000020efe9989e0 JavaThread "Signal Dispatcher"          daemon [_thread_blocked, id=17124, stack(0x0000005276c00000,0x0000005276d00000) (1024K)]
  0x0000020efe999440 JavaThread "Attach Listener"            daemon [_thread_blocked, id=12852, stack(0x0000005276d00000,0x0000005276e00000) (1024K)]
  0x0000020efe999ea0 JavaThread "Service Thread"             daemon [_thread_blocked, id=22160, stack(0x0000005276e00000,0x0000005276f00000) (1024K)]
  0x0000020efe99a900 JavaThread "Monitor Deflation Thread"   daemon [_thread_blocked, id=22524, stack(0x0000005276f00000,0x0000005277000000) (1024K)]
  0x0000020efe99b690 JavaThread "C2 CompilerThread0"         daemon [_thread_blocked, id=10024, stack(0x0000005277000000,0x0000005277100000) (1024K)]
  0x0000020eff242980 JavaThread "C1 CompilerThread0"         daemon [_thread_blocked, id=16968, stack(0x0000005277100000,0x0000005277200000) (1024K)]
  0x0000020eff3de6c0 JavaThread "Common-Cleaner"             daemon [_thread_blocked, id=14804, stack(0x0000005277200000,0x0000005277300000) (1024K)]
  0x0000020eff451770 JavaThread "Notification Thread"        daemon [_thread_blocked, id=6056, stack(0x0000005277300000,0x0000005277400000) (1024K)]
=>0x0000020ee7e67060 JavaThread "C2 CompilerThread1"         daemon [_thread_in_native, id=5896, stack(0x0000005277900000,0x0000005277a00000) (1024K)]
  0x0000020ee808d020 JavaThread "Daemon health stats"               [_thread_blocked, id=3280, stack(0x0000005277a00000,0x0000005277b00000) (1024K)]
  0x0000020ee7509d40 JavaThread "Incoming local TCP Connector on port 55478"        [_thread_in_native, id=19048, stack(0x0000005277b00000,0x0000005277c00000) (1024K)]
  0x0000020ee7fe80e0 JavaThread "Daemon periodic checks"            [_thread_blocked, id=11988, stack(0x0000005277c00000,0x0000005277d00000) (1024K)]
  0x0000020ee7f32ef0 JavaThread "Daemon"                            [_thread_blocked, id=18256, stack(0x0000005277d00000,0x0000005277e00000) (1024K)]
  0x0000020ee7f33d70 JavaThread "Handler for socket connection from /127.0.0.1:55478 to /127.0.0.1:55480"        [_thread_in_native, id=15856, stack(0x0000005277e00000,0x0000005277f00000) (1024K)]
  0x0000020ee7f52ca0 JavaThread "Cancel handler"                    [_thread_blocked, id=8804, stack(0x0000005277f00000,0x0000005278000000) (1024K)]
  0x0000020ee7f564a0 JavaThread "Daemon worker"                     [_thread_in_Java, id=22276, stack(0x0000005278000000,0x0000005278100000) (1024K)]
  0x0000020ee7f7e6d0 JavaThread "Asynchronous log dispatcher for DefaultDaemonConnection: socket connection from /127.0.0.1:55478 to /127.0.0.1:55480"        [_thread_blocked, id=22248, stack(0x0000005278100000,0x0000005278200000) (1024K)]
  0x0000020ee7f7ed40 JavaThread "Stdin handler"                     [_thread_blocked, id=3200, stack(0x0000005278200000,0x0000005278300000) (1024K)]
  0x0000020ee7f8aa50 JavaThread "Daemon client event forwarder"        [_thread_blocked, id=19492, stack(0x0000005278300000,0x0000005278400000) (1024K)]
  0x0000020ee7f8a3c0 JavaThread "Cache worker for journal cache (C:\Users\Nachireddy\.gradle\caches\journal-1)"        [_thread_blocked, id=2556, stack(0x0000005278600000,0x0000005278700000) (1024K)]
  0x0000020ee7f896a0 JavaThread "File lock request listener"        [_thread_in_native, id=16748, stack(0x0000005278700000,0x0000005278800000) (1024K)]
  0x0000020ee7f89d30 JavaThread "Cache worker for file hash cache (C:\Users\Nachireddy\.gradle\caches\9.1.0\fileHashes)"        [_thread_blocked, id=1696, stack(0x0000005278800000,0x0000005278900000) (1024K)]
Total: 25

Other Threads:
  0x0000020efe9738e0 VMThread "VM Thread"                           [id=12192, stack(0x0000005276900000,0x0000005276a00000) (1024K)]
  0x0000020efe9623d0 WatcherThread "VM Periodic Task Thread"        [id=10244, stack(0x0000005276800000,0x0000005276900000) (1024K)]
  0x0000020ef10fa170 WorkerThread "GC Thread#0"                     [id=18324, stack(0x0000005276300000,0x0000005276400000) (1024K)]
  0x0000020eff6181b0 WorkerThread "GC Thread#1"                     [id=16736, stack(0x0000005277400000,0x0000005277500000) (1024K)]
  0x0000020eff5b5740 WorkerThread "GC Thread#2"                     [id=10988, stack(0x0000005277500000,0x0000005277600000) (1024K)]
  0x0000020eff576390 WorkerThread "GC Thread#3"                     [id=17752, stack(0x0000005277600000,0x0000005277700000) (1024K)]
  0x0000020eff576740 WorkerThread "GC Thread#4"                     [id=4016, stack(0x0000005277700000,0x0000005277800000) (1024K)]
  0x0000020eff576af0 WorkerThread "GC Thread#5"                     [id=19140, stack(0x0000005277800000,0x0000005277900000) (1024K)]
  0x0000020ee84819d0 WorkerThread "GC Thread#6"                     [id=16132, stack(0x0000005278400000,0x0000005278500000) (1024K)]
  0x0000020ee81ff380 WorkerThread "GC Thread#7"                     [id=3272, stack(0x0000005278500000,0x0000005278600000) (1024K)]
  0x0000020ef110bb90 ConcurrentGCThread "G1 Main Marker"            [id=8844, stack(0x0000005276400000,0x0000005276500000) (1024K)]
  0x0000020ef110e5e0 WorkerThread "G1 Conc#0"                       [id=13160, stack(0x0000005276500000,0x0000005276600000) (1024K)]
  0x0000020efe831ba0 ConcurrentGCThread "G1 Refine#0"               [id=19068, stack(0x0000005276600000,0x0000005276700000) (1024K)]
  0x0000020efe8324d0 ConcurrentGCThread "G1 Service"                [id=7592, stack(0x0000005276700000,0x0000005276800000) (1024K)]
Total: 14

Threads with active compile tasks:
C2 CompilerThread1  4929 2671   !   4       java.lang.ClassLoader::loadClass (121 bytes)
Total: 1

VM state: not at safepoint (normal execution)

VM Mutex/Monitor currently owned by a thread: None

Heap address: 0x0000000600000000, size: 8192 MB, Compressed Oops mode: Zero based, Oop shift amount: 3

CDS archive(s) mapped at: [0x0000020ea2000000-0x0000020ea2ba0000-0x0000020ea2ba0000), size 12189696, SharedBaseAddress: 0x0000020ea2000000, ArchiveRelocationMode: 1.
Compressed class space mapped at: 0x0000020ea3000000-0x0000020ee3000000, reserved size: 1073741824
Narrow klass base: 0x0000020ea2000000, Narrow klass shift: 0, Narrow klass range: 0x100000000

GC Precious Log:
 CardTable entry size: 512
 Card Set container configuration: InlinePtr #cards 4 size 8 Array Of Cards #cards 32 size 80 Howl #buckets 8 coarsen threshold 7372 Howl Bitmap #cards 1024 size 144 coarsen threshold 921 Card regions per heap region 1 cards per card region 8192
 CPUs: 8 total, 8 available
 Memory: 16167M
 Large Page Support: Disabled
 NUMA Support: Disabled
 Compressed Oops: Enabled (Zero based)
 Heap Region Size: 4M
 Heap Min Capacity: 8M
 Heap Initial Capacity: 256M
 Heap Max Capacity: 8G
 Pre-touch: Disabled
 Parallel Workers: 8
 Concurrent Workers: 2
 Concurrent Refinement Workers: 8
 Periodic GC: Disabled

Heap:
 garbage-first heap   total 262144K, used 37014K [0x0000000600000000, 0x0000000800000000)
  region size 4096K, 9 young (36864K), 4 survivors (16384K)
 Metaspace       used 16541K, committed 17024K, reserved 1114112K
  class space    used 2316K, committed 2560K, reserved 1048576K

Heap Regions: E=young(eden), S=young(survivor), O=old, HS=humongous(starts), HC=humongous(continues), CS=collection set, F=free, TAMS=top-at-mark-start, PB=parsable bottom
|   0|0x0000000600000000, 0x0000000600400000, 0x0000000600400000|100%|HS|  |TAMS 0x0000000600000000| PB 0x0000000600000000| Complete 
|   1|0x0000000600400000, 0x0000000600425b68, 0x0000000600800000|  3%| O|  |TAMS 0x0000000600400000| PB 0x0000000600400000| Untracked 
|   2|0x0000000600800000, 0x0000000600800000, 0x0000000600c00000|  0%| F|  |TAMS 0x0000000600800000| PB 0x0000000600800000| Untracked 
|   3|0x0000000600c00000, 0x0000000600c00000, 0x0000000601000000|  0%| F|  |TAMS 0x0000000600c00000| PB 0x0000000600c00000| Untracked 
|   4|0x0000000601000000, 0x0000000601000000, 0x0000000601400000|  0%| F|  |TAMS 0x0000000601000000| PB 0x0000000601000000| Untracked 
|   5|0x0000000601400000, 0x0000000601400000, 0x0000000601800000|  0%| F|  |TAMS 0x0000000601400000| PB 0x0000000601400000| Untracked 
|   6|0x0000000601800000, 0x0000000601800000, 0x0000000601c00000|  0%| F|  |TAMS 0x0000000601800000| PB 0x0000000601800000| Untracked 
|   7|0x0000000601c00000, 0x0000000601c00000, 0x0000000602000000|  0%| F|  |TAMS 0x0000000601c00000| PB 0x0000000601c00000| Untracked 
|   8|0x0000000602000000, 0x0000000602000000, 0x0000000602400000|  0%| F|  |TAMS 0x0000000602000000| PB 0x0000000602000000| Untracked 
|   9|0x0000000602400000, 0x0000000602400000, 0x0000000602800000|  0%| F|  |TAMS 0x0000000602400000| PB 0x0000000602400000| Untracked 
|  10|0x0000000602800000, 0x0000000602800000, 0x0000000602c00000|  0%| F|  |TAMS 0x0000000602800000| PB 0x0000000602800000| Untracked 
|  11|0x0000000602c00000, 0x0000000602c00000, 0x0000000603000000|  0%| F|  |TAMS 0x0000000602c00000| PB 0x0000000602c00000| Untracked 
|  12|0x0000000603000000, 0x0000000603000000, 0x0000000603400000|  0%| F|  |TAMS 0x0000000603000000| PB 0x0000000603000000| Untracked 
|  13|0x0000000603400000, 0x0000000603400000, 0x0000000603800000|  0%| F|  |TAMS 0x0000000603400000| PB 0x0000000603400000| Untracked 
|  14|0x0000000603800000, 0x0000000603800000, 0x0000000603c00000|  0%| F|  |TAMS 0x0000000603800000| PB 0x0000000603800000| Untracked 
|  15|0x0000000603c00000, 0x0000000603c00000, 0x0000000604000000|  0%| F|  |TAMS 0x0000000603c00000| PB 0x0000000603c00000| Untracked 
|  16|0x0000000604000000, 0x0000000604000000, 0x0000000604400000|  0%| F|  |TAMS 0x0000000604000000| PB 0x0000000604000000| Untracked 
|  17|0x0000000604400000, 0x0000000604400000, 0x0000000604800000|  0%| F|  |TAMS 0x0000000604400000| PB 0x0000000604400000| Untracked 
|  18|0x0000000604800000, 0x0000000604800000, 0x0000000604c00000|  0%| F|  |TAMS 0x0000000604800000| PB 0x0000000604800000| Untracked 
|  19|0x0000000604c00000, 0x0000000604c00000, 0x0000000605000000|  0%| F|  |TAMS 0x0000000604c00000| PB 0x0000000604c00000| Untracked 
|  20|0x0000000605000000, 0x0000000605000000, 0x0000000605400000|  0%| F|  |TAMS 0x0000000605000000| PB 0x0000000605000000| Untracked 
|  21|0x0000000605400000, 0x0000000605400000, 0x0000000605800000|  0%| F|  |TAMS 0x0000000605400000| PB 0x0000000605400000| Untracked 
|  22|0x0000000605800000, 0x0000000605800000, 0x0000000605c00000|  0%| F|  |TAMS 0x0000000605800000| PB 0x0000000605800000| Untracked 
|  23|0x0000000605c00000, 0x0000000605c00000, 0x0000000606000000|  0%| F|  |TAMS 0x0000000605c00000| PB 0x0000000605c00000| Untracked 
|  24|0x0000000606000000, 0x0000000606000000, 0x0000000606400000|  0%| F|  |TAMS 0x0000000606000000| PB 0x0000000606000000| Untracked 
|  25|0x0000000606400000, 0x0000000606400000, 0x0000000606800000|  0%| F|  |TAMS 0x0000000606400000| PB 0x0000000606400000| Untracked 
|  26|0x0000000606800000, 0x0000000606800000, 0x0000000606c00000|  0%| F|  |TAMS 0x0000000606800000| PB 0x0000000606800000| Untracked 
|  27|0x0000000606c00000, 0x0000000606c00000, 0x0000000607000000|  0%| F|  |TAMS 0x0000000606c00000| PB 0x0000000606c00000| Untracked 
|  28|0x0000000607000000, 0x0000000607000000, 0x0000000607400000|  0%| F|  |TAMS 0x0000000607000000| PB 0x0000000607000000| Untracked 
|  29|0x0000000607400000, 0x0000000607400000, 0x0000000607800000|  0%| F|  |TAMS 0x0000000607400000| PB 0x0000000607400000| Untracked 
|  30|0x0000000607800000, 0x0000000607800000, 0x0000000607c00000|  0%| F|  |TAMS 0x0000000607800000| PB 0x0000000607800000| Untracked 
|  31|0x0000000607c00000, 0x0000000607c00000, 0x0000000608000000|  0%| F|  |TAMS 0x0000000607c00000| PB 0x0000000607c00000| Untracked 
|  32|0x0000000608000000, 0x0000000608000000, 0x0000000608400000|  0%| F|  |TAMS 0x0000000608000000| PB 0x0000000608000000| Untracked 
|  33|0x0000000608400000, 0x0000000608400000, 0x0000000608800000|  0%| F|  |TAMS 0x0000000608400000| PB 0x0000000608400000| Untracked 
|  34|0x0000000608800000, 0x0000000608800000, 0x0000000608c00000|  0%| F|  |TAMS 0x0000000608800000| PB 0x0000000608800000| Untracked 
|  35|0x0000000608c00000, 0x0000000609000000, 0x0000000609000000|100%| S|CS|TAMS 0x0000000608c00000| PB 0x0000000608c00000| Complete 
|  36|0x0000000609000000, 0x0000000609400000, 0x0000000609400000|100%| S|CS|TAMS 0x0000000609000000| PB 0x0000000609000000| Complete 
|  37|0x0000000609400000, 0x0000000609800000, 0x0000000609800000|100%| S|CS|TAMS 0x0000000609400000| PB 0x0000000609400000| Complete 
|  38|0x0000000609800000, 0x0000000609c00000, 0x0000000609c00000|100%| S|CS|TAMS 0x0000000609800000| PB 0x0000000609800000| Complete 
|  39|0x0000000609c00000, 0x0000000609c00000, 0x000000060a000000|  0%| F|  |TAMS 0x0000000609c00000| PB 0x0000000609c00000| Untracked 
|  40|0x000000060a000000, 0x000000060a000000, 0x000000060a400000|  0%| F|  |TAMS 0x000000060a000000| PB 0x000000060a000000| Untracked 
|  41|0x000000060a400000, 0x000000060a400000, 0x000000060a800000|  0%| F|  |TAMS 0x000000060a400000| PB 0x000000060a400000| Untracked 
|  42|0x000000060a800000, 0x000000060a800000, 0x000000060ac00000|  0%| F|  |TAMS 0x000000060a800000| PB 0x000000060a800000| Untracked 
|  43|0x000000060ac00000, 0x000000060ac00000, 0x000000060b000000|  0%| F|  |TAMS 0x000000060ac00000| PB 0x000000060ac00000| Untracked 
|  44|0x000000060b000000, 0x000000060b000000, 0x000000060b400000|  0%| F|  |TAMS 0x000000060b000000| PB 0x000000060b000000| Untracked 
|  45|0x000000060b400000, 0x000000060b400000, 0x000000060b800000|  0%| F|  |TAMS 0x000000060b400000| PB 0x000000060b400000| Untracked 
|  46|0x000000060b800000, 0x000000060b800000, 0x000000060bc00000|  0%| F|  |TAMS 0x000000060b800000| PB 0x000000060b800000| Untracked 
|  47|0x000000060bc00000, 0x000000060bc00000, 0x000000060c000000|  0%| F|  |TAMS 0x000000060bc00000| PB 0x000000060bc00000| Untracked 
|  48|0x000000060c000000, 0x000000060c000000, 0x000000060c400000|  0%| F|  |TAMS 0x000000060c000000| PB 0x000000060c000000| Untracked 
|  49|0x000000060c400000, 0x000000060c400000, 0x000000060c800000|  0%| F|  |TAMS 0x000000060c400000| PB 0x000000060c400000| Untracked 
|  50|0x000000060c800000, 0x000000060c800000, 0x000000060cc00000|  0%| F|  |TAMS 0x000000060c800000| PB 0x000000060c800000| Untracked 
|  51|0x000000060cc00000, 0x000000060cc00000, 0x000000060d000000|  0%| F|  |TAMS 0x000000060cc00000| PB 0x000000060cc00000| Untracked 
|  52|0x000000060d000000, 0x000000060d000000, 0x000000060d400000|  0%| F|  |TAMS 0x000000060d000000| PB 0x000000060d000000| Untracked 
|  53|0x000000060d400000, 0x000000060d400000, 0x000000060d800000|  0%| F|  |TAMS 0x000000060d400000| PB 0x000000060d400000| Untracked 
|  54|0x000000060d800000, 0x000000060d800000, 0x000000060dc00000|  0%| F|  |TAMS 0x000000060d800000| PB 0x000000060d800000| Untracked 
|  55|0x000000060dc00000, 0x000000060dc00000, 0x000000060e000000|  0%| F|  |TAMS 0x000000060dc00000| PB 0x000000060dc00000| Untracked 
|  56|0x000000060e000000, 0x000000060e000000, 0x000000060e400000|  0%| F|  |TAMS 0x000000060e000000| PB 0x000000060e000000| Untracked 
|  57|0x000000060e400000, 0x000000060e400000, 0x000000060e800000|  0%| F|  |TAMS 0x000000060e400000| PB 0x000000060e400000| Untracked 
|  58|0x000000060e800000, 0x000000060e800000, 0x000000060ec00000|  0%| F|  |TAMS 0x000000060e800000| PB 0x000000060e800000| Untracked 
|  59|0x000000060ec00000, 0x000000060ec74ee8, 0x000000060f000000| 11%| E|  |TAMS 0x000000060ec00000| PB 0x000000060ec00000| Complete 
|  60|0x000000060f000000, 0x000000060f400000, 0x000000060f400000|100%| E|CS|TAMS 0x000000060f000000| PB 0x000000060f000000| Complete 
|  61|0x000000060f400000, 0x000000060f800000, 0x000000060f800000|100%| E|CS|TAMS 0x000000060f400000| PB 0x000000060f400000| Complete 
|  62|0x000000060f800000, 0x000000060fc00000, 0x000000060fc00000|100%| E|CS|TAMS 0x000000060f800000| PB 0x000000060f800000| Complete 
|  63|0x000000060fc00000, 0x0000000610000000, 0x0000000610000000|100%| E|CS|TAMS 0x000000060fc00000| PB 0x000000060fc00000| Complete 

Card table byte_map: [0x0000020ef57a0000,0x0000020ef67a0000] _byte_map_base: 0x0000020ef27a0000

Marking Bits: (CMBitMap*) 0x0000020ef10fa790
 Bits: [0x0000020ef67a0000, 0x0000020efe7a0000)

Polling page: 0x0000020eeee40000

Metaspace:

Usage:
  Non-class:     13.89 MB used.
      Class:      2.26 MB used.
       Both:     16.15 MB used.

Virtual space:
  Non-class space:       64.00 MB reserved,      14.12 MB ( 22%) committed,  1 nodes.
      Class space:        1.00 GB reserved,       2.50 MB ( <1%) committed,  1 nodes.
             Both:        1.06 GB reserved,      16.62 MB (  2%) committed. 

Chunk freelists:
   Non-Class:  1.47 MB
       Class:  13.54 MB
        Both:  15.01 MB

MaxMetaspaceSize: 4.00 GB
CompressedClassSpaceSize: 1.00 GB
Initial GC threshold: 21.00 MB
Current GC threshold: 21.00 MB
CDS: on
 - commit_granule_bytes: 65536.
 - commit_granule_words: 8192.
 - virtual_space_node_default_size: 8388608.
 - enlarge_chunks_in_place: 1.
 - use_allocation_guard: 0.


Internal statistics:

num_allocs_failed_limit: 0.
num_arena_births: 600.
num_arena_deaths: 0.
num_vsnodes_births: 2.
num_vsnodes_deaths: 0.
num_space_committed: 266.
num_space_uncommitted: 0.
num_chunks_returned_to_freelist: 0.
num_chunks_taken_from_freelist: 1195.
num_chunk_merges: 0.
num_chunk_splits: 775.
num_chunks_enlarged: 528.
num_inconsistent_stats: 0.

CodeHeap 'non-profiled nmethods': size=259264Kb used=1361Kb max_used=1361Kb free=257902Kb
 bounds [0x0000020e902d0000, 0x0000020e90540000, 0x0000020ea0000000]
CodeHeap 'profiled nmethods': size=259264Kb used=5466Kb max_used=5466Kb free=253798Kb
 bounds [0x0000020e80000000, 0x0000020e80560000, 0x0000020e8fd30000]
CodeHeap 'non-nmethods': size=5760Kb used=1530Kb max_used=1549Kb free=4230Kb
 bounds [0x0000020e8fd30000, 0x0000020e8ffa0000, 0x0000020e902d0000]
CodeCache: size=524288Kb, used=8357Kb, max_used=8376Kb, free=515930Kb
 total_blobs=3323, nmethods=2766, adapters=461, full_count=0
Compilation: enabled, stopped_count=0, restarted_count=0

Compilation events (20 events):
Event: 4.878 Thread 0x0000020eff242980 2757       3       java.lang.invoke.MemberName::getFactory (4 bytes)
Event: 4.878 Thread 0x0000020eff242980 nmethod 2757 0x0000020e80550b10 code [0x0000020e80550ca0, 0x0000020e80550d98]
Event: 4.878 Thread 0x0000020efe99b690 2759       4       java.lang.Class::cast (27 bytes)
Event: 4.879 Thread 0x0000020efe99b690 nmethod 2759 0x0000020e90423e10 code [0x0000020e90423fa0, 0x0000020e904240b8]
Event: 4.884 Thread 0x0000020eff242980 2760       3       jdk.internal.org.objectweb.asm.AnnotationWriter::putAnnotations (110 bytes)
Event: 4.884 Thread 0x0000020eff242980 nmethod 2760 0x0000020e80550e10 code [0x0000020e80551020, 0x0000020e80551458]
Event: 4.885 Thread 0x0000020efe99b690 2761       4       jdk.internal.org.objectweb.asm.Frame::pop (46 bytes)
Event: 4.885 Thread 0x0000020efe99b690 nmethod 2761 0x0000020e90424190 code [0x0000020e90424320, 0x0000020e904243d8]
Event: 4.897 Thread 0x0000020eff242980 2762       3       java.lang.invoke.VarHandleReferences$FieldInstanceReadWrite::compareAndSet (48 bytes)
Event: 4.897 Thread 0x0000020eff242980 nmethod 2762 0x0000020e80551710 code [0x0000020e80551980, 0x0000020e80552368]
Event: 4.902 Thread 0x0000020eff242980 2763       3       java.lang.invoke.InvokerBytecodeGenerator::<init> (12 bytes)
Event: 4.903 Thread 0x0000020eff242980 nmethod 2763 0x0000020e80552710 code [0x0000020e805528c0, 0x0000020e80552a78]
Event: 4.903 Thread 0x0000020eff242980 2764       3       java.lang.invoke.InvokerBytecodeGenerator::generateCustomizedCodeBytes (37 bytes)
Event: 4.903 Thread 0x0000020eff242980 nmethod 2764 0x0000020e80552b90 code [0x0000020e80552da0, 0x0000020e80553190]
Event: 4.903 Thread 0x0000020eff242980 2766       3       java.lang.invoke.InvokerBytecodeGenerator::classData (173 bytes)
Event: 4.903 Thread 0x0000020eff242980 nmethod 2766 0x0000020e80553390 code [0x0000020e80553720, 0x0000020e80554cf0]
Event: 4.903 Thread 0x0000020eff242980 2765       3       java.lang.invoke.InvokerBytecodeGenerator::loadMethod (39 bytes)
Event: 4.904 Thread 0x0000020eff242980 nmethod 2765 0x0000020e80555390 code [0x0000020e80555580, 0x0000020e80555880]
Event: 4.904 Thread 0x0000020eff242980 2767       3       java.lang.invoke.LambdaForm$Name::<init> (19 bytes)
Event: 4.905 Thread 0x0000020eff242980 nmethod 2767 0x0000020e80555a10 code [0x0000020e80555c40, 0x0000020e805564d0]

GC Heap History (6 events):
Event: 0.882 GC heap before
{Heap before GC invocations=0 (full 0):
 garbage-first heap   total 262144K, used 20480K [0x0000000600000000, 0x0000000800000000)
  region size 4096K, 5 young (20480K), 0 survivors (0K)
 Metaspace       used 876K, committed 1024K, reserved 1114112K
  class space    used 71K, committed 128K, reserved 1048576K
}
Event: 0.886 GC heap after
{Heap after GC invocations=1 (full 0):
 garbage-first heap   total 262144K, used 1506K [0x0000000600000000, 0x0000000800000000)
  region size 4096K, 1 young (4096K), 1 survivors (4096K)
 Metaspace       used 876K, committed 1024K, reserved 1114112K
  class space    used 71K, committed 128K, reserved 1048576K
}
Event: 2.596 GC heap before
{Heap before GC invocations=1 (full 0):
 garbage-first heap   total 262144K, used 42466K [0x0000000600000000, 0x0000000800000000)
  region size 4096K, 11 young (45056K), 1 survivors (4096K)
 Metaspace       used 4561K, committed 4800K, reserved 1114112K
  class space    used 584K, committed 704K, reserved 1048576K
}
Event: 2.602 GC heap after
{Heap after GC invocations=2 (full 0):
 garbage-first heap   total 262144K, used 11375K [0x0000000600000000, 0x0000000800000000)
  region size 4096K, 2 young (8192K), 2 survivors (8192K)
 Metaspace       used 4561K, committed 4800K, reserved 1114112K
  class space    used 584K, committed 704K, reserved 1048576K
}
Event: 4.568 GC heap before
{Heap before GC invocations=2 (full 0):
 garbage-first heap   total 262144K, used 105583K [0x0000000600000000, 0x0000000800000000)
  region size 4096K, 25 young (102400K), 2 survivors (8192K)
 Metaspace       used 14118K, committed 14528K, reserved 1114112K
  class space    used 1964K, committed 2176K, reserved 1048576K
}
Event: 4.578 GC heap after
{Heap after GC invocations=3 (full 0):
 garbage-first heap   total 262144K, used 20630K [0x0000000600000000, 0x0000000800000000)
  region size 4096K, 4 young (16384K), 4 survivors (16384K)
 Metaspace       used 14118K, committed 14528K, reserved 1114112K
  class space    used 1964K, committed 2176K, reserved 1048576K
}

Dll operation events (14 events):
Event: 0.016 Loaded shared library C:\Users\Nachireddy\.vscode\extensions\redhat.java-1.55.0-win32-x64\jre\21.0.11-win32-x86_64\bin\java.dll
Event: 0.144 Loaded shared library C:\Users\Nachireddy\.vscode\extensions\redhat.java-1.55.0-win32-x64\jre\21.0.11-win32-x86_64\bin\zip.dll
Event: 0.186 Loaded shared library C:\Users\Nachireddy\.vscode\extensions\redhat.java-1.55.0-win32-x64\jre\21.0.11-win32-x86_64\bin\instrument.dll
Event: 0.228 Loaded shared library C:\Users\Nachireddy\.vscode\extensions\redhat.java-1.55.0-win32-x64\jre\21.0.11-win32-x86_64\bin\net.dll
Event: 0.233 Loaded shared library C:\Users\Nachireddy\.vscode\extensions\redhat.java-1.55.0-win32-x64\jre\21.0.11-win32-x86_64\bin\nio.dll
Event: 0.243 Loaded shared library C:\Users\Nachireddy\.vscode\extensions\redhat.java-1.55.0-win32-x64\jre\21.0.11-win32-x86_64\bin\zip.dll
Event: 0.912 Loaded shared library C:\Users\Nachireddy\.vscode\extensions\redhat.java-1.55.0-win32-x64\jre\21.0.11-win32-x86_64\bin\jimage.dll
Event: 1.461 Loaded shared library C:\Users\Nachireddy\.vscode\extensions\redhat.java-1.55.0-win32-x64\jre\21.0.11-win32-x86_64\bin\verify.dll
Event: 1.554 Loaded shared library C:\Users\Nachireddy\.gradle\native\1def1411415f61bf3af743bc5b6707747c0891f09f0c88961ee8f79bc544acac\windows-amd64\native-platform.dll
Event: 1.580 Loaded shared library C:\Users\Nachireddy\.gradle\native\0.2.8\x86_64-windows-gnu\gradle-fileevents.dll
Event: 3.658 Loaded shared library C:\Users\Nachireddy\.vscode\extensions\redhat.java-1.55.0-win32-x64\jre\21.0.11-win32-x86_64\bin\management.dll
Event: 3.661 Loaded shared library C:\Users\Nachireddy\.vscode\extensions\redhat.java-1.55.0-win32-x64\jre\21.0.11-win32-x86_64\bin\management_ext.dll
Event: 3.843 Loaded shared library C:\Users\Nachireddy\.vscode\extensions\redhat.java-1.55.0-win32-x64\jre\21.0.11-win32-x86_64\bin\extnet.dll
Event: 4.085 Loaded shared library C:\Users\Nachireddy\.vscode\extensions\redhat.java-1.55.0-win32-x64\jre\21.0.11-win32-x86_64\bin\sunmscapi.dll

Deoptimization events (20 events):
Event: 4.682 Thread 0x0000020ee7f564a0 Uncommon trap: trap_request=0xffffff45 fr.pc=0x0000020e9037308c relative=0x000000000000098c
Event: 4.682 Thread 0x0000020ee7f564a0 Uncommon trap: reason=unstable_if action=reinterpret pc=0x0000020e9037308c method=java.util.regex.Matcher.reset()Ljava/util/regex/Matcher; @ 47 c2
Event: 4.682 Thread 0x0000020ee7f564a0 DEOPT PACKING pc=0x0000020e9037308c sp=0x00000052780fac60
Event: 4.682 Thread 0x0000020ee7f564a0 DEOPT UNPACKING pc=0x0000020e8fd87ba2 sp=0x00000052780fab90 mode 2
Event: 4.682 Thread 0x0000020ee7f564a0 Uncommon trap: trap_request=0xffffff45 fr.pc=0x0000020e902f685c relative=0x000000000000043c
Event: 4.682 Thread 0x0000020ee7f564a0 Uncommon trap: reason=unstable_if action=reinterpret pc=0x0000020e902f685c method=java.util.regex.Matcher.match(II)Z @ 76 c2
Event: 4.682 Thread 0x0000020ee7f564a0 DEOPT PACKING pc=0x0000020e902f685c sp=0x00000052780fac60
Event: 4.682 Thread 0x0000020ee7f564a0 DEOPT UNPACKING pc=0x0000020e8fd87ba2 sp=0x00000052780fac38 mode 2
Event: 4.683 Thread 0x0000020ee7f564a0 Uncommon trap: trap_request=0xffffff45 fr.pc=0x0000020e902f5ffc relative=0x000000000000013c
Event: 4.683 Thread 0x0000020ee7f564a0 Uncommon trap: reason=unstable_if action=reinterpret pc=0x0000020e902f5ffc method=java.util.regex.Matcher.reset()Ljava/util/regex/Matcher; @ 47 c2
Event: 4.683 Thread 0x0000020ee7f564a0 DEOPT PACKING pc=0x0000020e902f5ffc sp=0x00000052780faaf0
Event: 4.683 Thread 0x0000020ee7f564a0 DEOPT UNPACKING pc=0x0000020e8fd87ba2 sp=0x00000052780faaa0 mode 2
Event: 4.773 Thread 0x0000020ee7f564a0 Uncommon trap: trap_request=0xffffff45 fr.pc=0x0000020e902f7e9c relative=0x0000000000000e1c
Event: 4.773 Thread 0x0000020ee7f564a0 Uncommon trap: reason=unstable_if action=reinterpret pc=0x0000020e902f7e9c method=java.io.WinNTFileSystem.resolve(Ljava/lang/String;Ljava/lang/String;)Ljava/lang/String; @ 19 c2
Event: 4.773 Thread 0x0000020ee7f564a0 DEOPT PACKING pc=0x0000020e902f7e9c sp=0x00000052780fb330
Event: 4.773 Thread 0x0000020ee7f564a0 DEOPT UNPACKING pc=0x0000020e8fd87ba2 sp=0x00000052780fb2c8 mode 2
Event: 4.775 Thread 0x0000020ee7f564a0 Uncommon trap: trap_request=0xffffff45 fr.pc=0x0000020e9036c968 relative=0x0000000000000688
Event: 4.775 Thread 0x0000020ee7f564a0 Uncommon trap: reason=unstable_if action=reinterpret pc=0x0000020e9036c968 method=java.io.File.getName()Ljava/lang/String; @ 16 c2
Event: 4.775 Thread 0x0000020ee7f564a0 DEOPT PACKING pc=0x0000020e9036c968 sp=0x00000052780fb2f0
Event: 4.775 Thread 0x0000020ee7f564a0 DEOPT UNPACKING pc=0x0000020e8fd87ba2 sp=0x00000052780fb2c0 mode 2

Classes loaded (20 events):
Event: 4.710 Loading class sun/security/provider/ByteArrayAccess$LE
Event: 4.710 Loading class sun/security/provider/ByteArrayAccess$LE done
Event: 4.713 Loading class java/lang/management/MemoryType
Event: 4.713 Loading class java/lang/management/MemoryType done
Event: 4.713 Loading class java/lang/management/MemoryUsage
Event: 4.714 Loading class java/lang/management/MemoryUsage done
Event: 4.714 Loading class java/util/concurrent/LinkedBlockingDeque$Node
Event: 4.714 Loading class java/util/concurrent/LinkedBlockingDeque$Node done
Event: 4.774 Loading class java/io/File$TempDirectory
Event: 4.774 Loading class java/io/File$TempDirectory done
Event: 4.829 Loading class java/util/concurrent/Semaphore
Event: 4.829 Loading class java/util/concurrent/Semaphore done
Event: 4.831 Loading class java/nio/file/FileVisitOption
Event: 4.831 Loading class java/nio/file/FileVisitOption done
Event: 4.835 Loading class java/util/stream/ReduceOps$1
Event: 4.835 Loading class java/util/stream/ReduceOps$1 done
Event: 4.835 Loading class java/util/stream/ReduceOps$1ReducingSink
Event: 4.835 Loading class java/util/stream/ReduceOps$1ReducingSink done
Event: 4.901 Loading class java/util/function/UnaryOperator
Event: 4.901 Loading class java/util/function/UnaryOperator done

Classes unloaded (0 events):
No events

Classes redefined (0 events):
No events

Internal exceptions (20 events):
Event: 4.044 Thread 0x0000020ef10518e0 Exception <a 'java/lang/NoSuchMethodError'{0x000000060b54df18}: 'java.lang.Object java.lang.invoke.DirectMethodHandle$Holder.newInvokeSpecial(java.lang.Object, java.lang.Object, java.lang.Object, java.lang.Object, java.lang.Object)'> (0x000000060b54df18) 
thrown [s\src\hotspot\share\interpreter\linkResolver.cpp, line 773]
Event: 4.180 Thread 0x0000020ee7f32ef0 Exception <a 'java/lang/NoSuchMethodError'{0x000000060b108af0}: 'void java.lang.invoke.DirectMethodHandle$Holder.invokeSpecial(java.lang.Object, java.lang.Object, java.lang.Object)'> (0x000000060b108af0) 
thrown [s\src\hotspot\share\interpreter\linkResolver.cpp, line 773]
Event: 4.260 Thread 0x0000020ee7f564a0 Exception <a 'java/lang/NoSuchMethodError'{0x000000060a827898}: 'long java.lang.invoke.DirectMethodHandle$Holder.invokeInterface(java.lang.Object, java.lang.Object)'> (0x000000060a827898) 
thrown [s\src\hotspot\share\interpreter\linkResolver.cpp, line 773]
Event: 4.321 Thread 0x0000020ee7f564a0 Exception <a 'java/lang/NoSuchMethodError'{0x000000060a41ebf0}: 'void java.lang.invoke.DirectMethodHandle$Holder.invokeStatic(java.lang.Object, java.lang.Object)'> (0x000000060a41ebf0) 
thrown [s\src\hotspot\share\interpreter\linkResolver.cpp, line 773]
Event: 4.331 Thread 0x0000020ee7f564a0 Exception <a 'java/lang/NoSuchMethodError'{0x000000060a479ad8}: 'java.lang.Object java.lang.invoke.DirectMethodHandle$Holder.invokeVirtual(java.lang.Object, java.lang.Object, java.lang.Object, java.lang.Object, java.lang.Object, java.lang.Object, java.lang.Object, java.lang.Object, java.lang.Object, java.lang.Object, java.lang.Object, java.lang.Object)'> (0x000000060a479ad8) 
thrown [s\src\hotspot\share\interpreter\linkResolver.cpp, line 773]
Event: 4.331 Thread 0x0000020ee7f564a0 Exception <a 'java/lang/NoSuchMethodError'{0x000000060a47eb00}: 'java.lang.Object java.lang.invoke.DirectMethodHandle$Holder.invokeSpecial(java.lang.Object, java.lang.Object, java.lang.Object, java.lang.Object, java.lang.Object, java.lang.Object, java.lang.Object, java.lang.Object, java.lang.Object, java.lang.Object, java.lang.Object, java.lang.Object, java.lang.Object)'> (0x000000060a47eb00) 
thrown [s\src\hotspot\share\interpreter\linkResolver.cpp, line 773]
Event: 4.387 Thread 0x0000020ee7f564a0 Exception <a 'java/lang/NoSuchMethodError'{0x000000060a6dde10}: 'int java.lang.invoke.DirectMethodHandle$Holder.invokeVirtual(java.lang.Object, java.lang.Object, java.lang.Object)'> (0x000000060a6dde10) 
thrown [s\src\hotspot\share\interpreter\linkResolver.cpp, line 773]
Event: 4.434 Thread 0x0000020ee7f564a0 Exception <a 'java/lang/NoSuchMethodError'{0x000000060a173fa0}: 'java.lang.Object java.lang.invoke.DirectMethodHandle$Holder.newInvokeSpecial(java.lang.Object, java.lang.Object, java.lang.Object, java.lang.Object, java.lang.Object, java.lang.Object)'> (0x000000060a173fa0) 
thrown [s\src\hotspot\share\interpreter\linkResolver.cpp, line 773]
Event: 4.494 Thread 0x0000020ee7f564a0 Exception <a 'java/lang/NoSuchMethodError'{0x0000000609c26050}: 'void java.lang.invoke.DelegatingMethodHandle$Holder.reinvoke_L(java.lang.Object, java.lang.Object, java.lang.Object, java.lang.Object, java.lang.Object, java.lang.Object, java.lang.Object, java.lang.Object, java.lang.Object, java.lang.Object)'> (0x0000000609c26050) 
thrown [s\src\hotspot\share\interpreter\linkResolver.cpp, line 773]
Event: 4.494 Thread 0x0000020ee7f564a0 Exception <a 'java/lang/NoSuchMethodError'{0x0000000609c2db30}: 'java.lang.Object java.lang.invoke.Invokers$Holder.invoker(java.lang.Object, java.lang.Object, java.lang.Object, java.lang.Object, java.lang.Object, java.lang.Object, java.lang.Object, java.lang.Object, java.lang.Object, java.lang.Object)'> (0x0000000609c2db30) 
thrown [s\src\hotspot\share\interpreter\linkResolver.cpp, line 773]
Event: 4.620 Thread 0x0000020ee7f564a0 Exception <a 'java/lang/NoSuchMethodError'{0x000000060ff13cb8}: 'void java.lang.invoke.DirectMethodHandle$Holder.invokeInterface(java.lang.Object, java.lang.Object)'> (0x000000060ff13cb8) 
thrown [s\src\hotspot\share\interpreter\linkResolver.cpp, line 773]
Event: 4.620 Thread 0x0000020ee7f564a0 Exception <a 'java/lang/IncompatibleClassChangeError'{0x000000060ff17238}: Found class java.lang.Object, but interface was expected> (0x000000060ff17238) 
thrown [s\src\hotspot\share\interpreter\linkResolver.cpp, line 840]
Event: 4.644 Thread 0x0000020ee7f564a0 Exception <a 'java/lang/NoSuchMethodError'{0x000000060f8a2f60}: 'java.lang.Object java.lang.invoke.DirectMethodHandle$Holder.newInvokeSpecial(java.lang.Object, java.lang.Object, int)'> (0x000000060f8a2f60) 
thrown [s\src\hotspot\share\interpreter\linkResolver.cpp, line 773]
Event: 4.718 Thread 0x0000020ee7f564a0 Exception <a 'java/lang/NoSuchMethodError'{0x000000060f4e5c00}: 'java.lang.Object java.lang.invoke.DirectMethodHandle$Holder.invokeVirtual(java.lang.Object, java.lang.Object, java.lang.Object, java.lang.Object, java.lang.Object, java.lang.Object, java.lang.Object, java.lang.Object)'> (0x000000060f4e5c00) 
thrown [s\src\hotspot\share\interpreter\linkResolver.cpp, line 773]
Event: 4.768 Thread 0x0000020ee7f564a0 Exception <a 'java/lang/NoSuchMethodError'{0x000000060f611058}: 'java.lang.Object java.lang.invoke.DirectMethodHandle$Holder.invokeVirtual(java.lang.Object, java.lang.Object, java.lang.Object, java.lang.Object, java.lang.Object, java.lang.Object, java.lang.Object, java.lang.Object, java.lang.Object, java.lang.Object)'> (0x000000060f611058) 
thrown [s\src\hotspot\share\interpreter\linkResolver.cpp, line 773]
Event: 4.783 Thread 0x0000020ee7f564a0 Exception <a 'java/lang/NoSuchMethodError'{0x000000060f6a28e0}: 'void java.lang.invoke.DirectMethodHandle$Holder.invokeStatic(java.lang.Object, java.lang.Object, java.lang.Object, java.lang.Object)'> (0x000000060f6a28e0) 
thrown [s\src\hotspot\share\interpreter\linkResolver.cpp, line 773]
Event: 4.784 Thread 0x0000020ee7f564a0 Exception <a 'java/lang/NoSuchMethodError'{0x000000060f6a6698}: 'void java.lang.invoke.DirectMethodHandle$Holder.invokeStaticInit(java.lang.Object, java.lang.Object, java.lang.Object, java.lang.Object)'> (0x000000060f6a6698) 
thrown [s\src\hotspot\share\interpreter\linkResolver.cpp, line 773]
Event: 4.809 Thread 0x0000020ee7f564a0 Exception <a 'java/lang/NoSuchMethodError'{0x000000060f702ae8}: 'java.lang.Object java.lang.invoke.DirectMethodHandle$Holder.invokeInterface(java.lang.Object, java.lang.Object, java.lang.Object)'> (0x000000060f702ae8) 
thrown [s\src\hotspot\share\interpreter\linkResolver.cpp, line 773]
Event: 4.833 Thread 0x0000020ee7f564a0 Exception <a 'java/lang/NoSuchMethodError'{0x000000060f00e8c0}: 'int java.lang.invoke.DirectMethodHandle$Holder.invokeSpecialIFC(java.lang.Object, java.lang.Object, java.lang.Object, java.lang.Object)'> (0x000000060f00e8c0) 
thrown [s\src\hotspot\share\interpreter\linkResolver.cpp, line 773]
Event: 4.835 Thread 0x0000020ee7f564a0 Exception <a 'java/lang/IncompatibleClassChangeError'{0x000000060f01bd18}: Found class java.lang.Object, but interface was expected> (0x000000060f01bd18) 
thrown [s\src\hotspot\share\interpreter\linkResolver.cpp, line 840]

ZGC Phase Switch (0 events):
No events

VM Operations (20 events):
Event: 3.699 Executing non-safepoint VM operation: HandshakeAllThreads (Deoptimize)
Event: 3.699 Executing non-safepoint VM operation: HandshakeAllThreads (Deoptimize) done
Event: 3.734 Executing non-safepoint VM operation: HandshakeAllThreads (Deoptimize)
Event: 3.734 Executing non-safepoint VM operation: HandshakeAllThreads (Deoptimize) done
Event: 3.838 Executing non-safepoint VM operation: HandshakeAllThreads (Deoptimize)
Event: 3.838 Executing non-safepoint VM operation: HandshakeAllThreads (Deoptimize) done
Event: 3.861 Executing non-safepoint VM operation: HandshakeAllThreads (Deoptimize)
Event: 3.861 Executing non-safepoint VM operation: HandshakeAllThreads (Deoptimize) done
Event: 3.902 Executing non-safepoint VM operation: HandshakeAllThreads (Deoptimize)
Event: 3.902 Executing non-safepoint VM operation: HandshakeAllThreads (Deoptimize) done
Event: 3.935 Executing non-safepoint VM operation: HandshakeAllThreads (Deoptimize)
Event: 3.935 Executing non-safepoint VM operation: HandshakeAllThreads (Deoptimize) done
Event: 4.095 Executing non-safepoint VM operation: HandshakeAllThreads (Deoptimize)
Event: 4.095 Executing non-safepoint VM operation: HandshakeAllThreads (Deoptimize) done
Event: 4.265 Executing safepoint VM operation: ICBufferFull
Event: 4.265 Executing safepoint VM operation: ICBufferFull done
Event: 4.568 Executing safepoint VM operation: G1CollectForAllocation (G1 Evacuation Pause)
Event: 4.578 Executing safepoint VM operation: G1CollectForAllocation (G1 Evacuation Pause) done
Event: 4.643 Executing non-safepoint VM operation: HandshakeAllThreads (Deoptimize)
Event: 4.643 Executing non-safepoint VM operation: HandshakeAllThreads (Deoptimize) done

Memory protections (0 events):
No events

Nmethod flushes (0 events):
No events

Events (20 events):
Event: 0.900 Thread 0x0000020eff242980 Thread added: 0x0000020eff5a4700
Event: 0.913 Thread 0x0000020eff242980 Thread added: 0x0000020eff5a59e0
Event: 1.642 Thread 0x0000020eff5a59e0 Thread exited: 0x0000020eff5a59e0
Event: 1.647 Thread 0x0000020eff5a4700 Thread exited: 0x0000020eff5a4700
Event: 1.866 Thread 0x0000020eff242980 Thread added: 0x0000020ee73f8b10
Event: 2.527 Thread 0x0000020ee73f8b10 Thread exited: 0x0000020ee73f8b10
Event: 3.593 Thread 0x0000020eff242980 Thread added: 0x0000020ee7e67060
Event: 3.699 Thread 0x0000020ef10518e0 Thread added: 0x0000020ee808d020
Event: 3.954 Thread 0x0000020ef10518e0 Thread added: 0x0000020ee7509d40
Event: 4.049 Thread 0x0000020ef10518e0 Thread added: 0x0000020ee7fe80e0
Event: 4.130 Thread 0x0000020ee7509d40 Thread added: 0x0000020ee7f32ef0
Event: 4.132 Thread 0x0000020ee7f32ef0 Thread added: 0x0000020ee7f33d70
Event: 4.169 Thread 0x0000020ee7f32ef0 Thread added: 0x0000020ee7f52ca0
Event: 4.180 Thread 0x0000020ee7f32ef0 Thread added: 0x0000020ee7f564a0
Event: 4.193 Thread 0x0000020ee7f564a0 Thread added: 0x0000020ee7f7e6d0
Event: 4.197 Thread 0x0000020ee7f564a0 Thread added: 0x0000020ee7f7ed40
Event: 4.202 Thread 0x0000020ee7f564a0 Thread added: 0x0000020ee7f8aa50
Event: 4.643 Thread 0x0000020ee7f564a0 Thread added: 0x0000020ee7f8a3c0
Event: 4.668 Thread 0x0000020ee7f564a0 Thread added: 0x0000020ee7f896a0
Event: 4.726 Thread 0x0000020ee7f564a0 Thread added: 0x0000020ee7f89d30


Dynamic libraries:
0x00007ff6f1920000 - 0x00007ff6f192e000 	C:\Users\Nachireddy\.vscode\extensions\redhat.java-1.55.0-win32-x64\jre\21.0.11-win32-x86_64\bin\java.exe
0x00007ffdb4e80000 - 0x00007ffdb50e6000 	C:\WINDOWS\SYSTEM32\ntdll.dll
0x00007ffdb3b40000 - 0x00007ffdb3c09000 	C:\WINDOWS\System32\KERNEL32.DLL
0x00007ffdb2440000 - 0x00007ffdb283e000 	C:\WINDOWS\System32\KERNELBASE.dll
0x00007ffdb2220000 - 0x00007ffdb236c000 	C:\WINDOWS\System32\ucrtbase.dll
0x00007ffdac7f0000 - 0x00007ffdac80e000 	C:\Users\Nachireddy\.vscode\extensions\redhat.java-1.55.0-win32-x64\jre\21.0.11-win32-x86_64\bin\VCRUNTIME140.dll
0x00007ffdac820000 - 0x00007ffdac838000 	C:\Users\Nachireddy\.vscode\extensions\redhat.java-1.55.0-win32-x64\jre\21.0.11-win32-x86_64\bin\jli.dll
0x00007ffdb3940000 - 0x00007ffdb3b07000 	C:\WINDOWS\System32\USER32.dll
0x00007ffdb2ad0000 - 0x00007ffdb2af7000 	C:\WINDOWS\System32\win32u.dll
0x00007ffdb3c10000 - 0x00007ffdb3c3b000 	C:\WINDOWS\System32\GDI32.dll
0x00007ffdb2910000 - 0x00007ffdb2a3a000 	C:\WINDOWS\System32\gdi32full.dll
0x00007ffdb2b00000 - 0x00007ffdb2ba3000 	C:\WINDOWS\System32\msvcp_win.dll
0x00007ffd9e410000 - 0x00007ffd9e6a2000 	C:\WINDOWS\WinSxS\amd64_microsoft.windows.common-controls_6595b64144ccf1df_6.0.26100.8875_none_3e0d5d42e32fe9dd\COMCTL32.dll
0x00007ffdb4d90000 - 0x00007ffdb4e39000 	C:\WINDOWS\System32\msvcrt.dll
0x00007ffdb3350000 - 0x00007ffdb3382000 	C:\WINDOWS\System32\IMM32.DLL
0x00007ffdac7e0000 - 0x00007ffdac7ec000 	C:\Users\Nachireddy\.vscode\extensions\redhat.java-1.55.0-win32-x64\jre\21.0.11-win32-x86_64\bin\vcruntime140_1.dll
0x00007ffd9f960000 - 0x00007ffd9f9ed000 	C:\Users\Nachireddy\.vscode\extensions\redhat.java-1.55.0-win32-x64\jre\21.0.11-win32-x86_64\bin\msvcp140.dll
0x00007ffd403b0000 - 0x00007ffd41152000 	C:\Users\Nachireddy\.vscode\extensions\redhat.java-1.55.0-win32-x64\jre\21.0.11-win32-x86_64\bin\server\jvm.dll
0x00007ffdb4730000 - 0x00007ffdb47e7000 	C:\WINDOWS\System32\ADVAPI32.dll
0x00007ffdb3890000 - 0x00007ffdb393a000 	C:\WINDOWS\System32\sechost.dll
0x00007ffdb2c40000 - 0x00007ffdb2d58000 	C:\WINDOWS\System32\RPCRT4.dll
0x00007ffdb32a0000 - 0x00007ffdb3320000 	C:\WINDOWS\System32\WS2_32.dll
0x00007ffdb1f00000 - 0x00007ffdb1f5e000 	C:\WINDOWS\SYSTEM32\POWRPROF.dll
0x00007ffd9e3d0000 - 0x00007ffd9e406000 	C:\WINDOWS\SYSTEM32\WINMM.dll
0x00007ffda2470000 - 0x00007ffda247b000 	C:\WINDOWS\SYSTEM32\VERSION.dll
0x00007ffdb1ee0000 - 0x00007ffdb1ef4000 	C:\WINDOWS\SYSTEM32\UMPDC.dll
0x00007ffdb0d80000 - 0x00007ffdb0d9b000 	C:\WINDOWS\SYSTEM32\kernel.appcore.dll
0x00007ffdac7d0000 - 0x00007ffdac7da000 	C:\Users\Nachireddy\.vscode\extensions\redhat.java-1.55.0-win32-x64\jre\21.0.11-win32-x86_64\bin\jimage.dll
0x00007ffdaf840000 - 0x00007ffdafa82000 	C:\WINDOWS\SYSTEM32\DBGHELP.DLL
0x00007ffdb2f10000 - 0x00007ffdb3293000 	C:\WINDOWS\System32\combase.dll
0x00007ffdb4600000 - 0x00007ffdb46d9000 	C:\WINDOWS\System32\OLEAUT32.dll
0x00007ffd9a040000 - 0x00007ffd9a07b000 	C:\WINDOWS\SYSTEM32\dbgcore.DLL
0x00007ffdb2380000 - 0x00007ffdb242c000 	C:\WINDOWS\System32\bcryptPrimitives.dll
0x00007ffdac490000 - 0x00007ffdac49f000 	C:\Users\Nachireddy\.vscode\extensions\redhat.java-1.55.0-win32-x64\jre\21.0.11-win32-x86_64\bin\instrument.dll
0x00007ffd9f910000 - 0x00007ffd9f930000 	C:\Users\Nachireddy\.vscode\extensions\redhat.java-1.55.0-win32-x64\jre\21.0.11-win32-x86_64\bin\java.dll
0x00007ffdb3c70000 - 0x00007ffdb4402000 	C:\WINDOWS\System32\SHELL32.dll
0x00007ffdafb20000 - 0x00007ffdb03b2000 	C:\WINDOWS\SYSTEM32\windows.storage.dll
0x00007ffdb4410000 - 0x00007ffdb4507000 	C:\WINDOWS\System32\SHCORE.dll
0x00007ffdb4590000 - 0x00007ffdb45f7000 	C:\WINDOWS\System32\shlwapi.dll
0x00007ffdb1fc0000 - 0x00007ffdb1fe9000 	C:\WINDOWS\SYSTEM32\profapi.dll
0x00007ffd9f880000 - 0x00007ffd9f898000 	C:\Users\Nachireddy\.vscode\extensions\redhat.java-1.55.0-win32-x64\jre\21.0.11-win32-x86_64\bin\zip.dll
0x00007ffda2e60000 - 0x00007ffda2e70000 	C:\Users\Nachireddy\.vscode\extensions\redhat.java-1.55.0-win32-x64\jre\21.0.11-win32-x86_64\bin\net.dll
0x00007ffdaacf0000 - 0x00007ffdaae17000 	C:\WINDOWS\SYSTEM32\WINHTTP.dll
0x00007ffdb1330000 - 0x00007ffdb139c000 	C:\WINDOWS\system32\mswsock.dll
0x00007ffd9f860000 - 0x00007ffd9f876000 	C:\Users\Nachireddy\.vscode\extensions\redhat.java-1.55.0-win32-x64\jre\21.0.11-win32-x86_64\bin\nio.dll
0x00007ffda2e30000 - 0x00007ffda2e40000 	C:\Users\Nachireddy\.vscode\extensions\redhat.java-1.55.0-win32-x64\jre\21.0.11-win32-x86_64\bin\verify.dll
0x00007ffd9f530000 - 0x00007ffd9f557000 	C:\Users\Nachireddy\.gradle\native\1def1411415f61bf3af743bc5b6707747c0891f09f0c88961ee8f79bc544acac\windows-amd64\native-platform.dll
0x00007ffd918a0000 - 0x00007ffd91917000 	C:\Users\Nachireddy\.gradle\native\0.2.8\x86_64-windows-gnu\gradle-fileevents.dll
0x00007ffd9f950000 - 0x00007ffd9f95a000 	C:\Users\Nachireddy\.vscode\extensions\redhat.java-1.55.0-win32-x64\jre\21.0.11-win32-x86_64\bin\management.dll
0x00007ffd9f810000 - 0x00007ffd9f81c000 	C:\Users\Nachireddy\.vscode\extensions\redhat.java-1.55.0-win32-x64\jre\21.0.11-win32-x86_64\bin\management_ext.dll
0x00007ffdb33f0000 - 0x00007ffdb33f8000 	C:\WINDOWS\System32\PSAPI.DLL
0x00007ffdb0730000 - 0x00007ffdb0763000 	C:\WINDOWS\SYSTEM32\IPHLPAPI.DLL
0x00007ffdb2f00000 - 0x00007ffdb2f0a000 	C:\WINDOWS\System32\NSI.dll
0x00007ffd9f6b0000 - 0x00007ffd9f6b9000 	C:\Users\Nachireddy\.vscode\extensions\redhat.java-1.55.0-win32-x64\jre\21.0.11-win32-x86_64\bin\extnet.dll
0x00007ffdb1630000 - 0x00007ffdb164b000 	C:\WINDOWS\SYSTEM32\CRYPTSP.dll
0x00007ffdb0ce0000 - 0x00007ffdb0d19000 	C:\WINDOWS\system32\rsaenh.dll
0x00007ffdb13f0000 - 0x00007ffdb1422000 	C:\WINDOWS\SYSTEM32\USERENV.dll
0x00007ffdb1f90000 - 0x00007ffdb1fba000 	C:\WINDOWS\SYSTEM32\bcrypt.dll
0x00007ffdb1650000 - 0x00007ffdb165c000 	C:\WINDOWS\SYSTEM32\CRYPTBASE.dll
0x00007ffd9f6c0000 - 0x00007ffd9f6ce000 	C:\Users\Nachireddy\.vscode\extensions\redhat.java-1.55.0-win32-x64\jre\21.0.11-win32-x86_64\bin\sunmscapi.dll
0x00007ffdb20a0000 - 0x00007ffdb2218000 	C:\WINDOWS\System32\CRYPT32.dll
0x00007ffdb1870000 - 0x00007ffdb18a0000 	C:\WINDOWS\SYSTEM32\ncrypt.dll
0x00007ffdb1820000 - 0x00007ffdb185f000 	C:\WINDOWS\SYSTEM32\NTASN1.dll
0x00007ffd4a890000 - 0x00007ffd4a898000 	C:\WINDOWS\system32\wshunix.dll

JVMTI agents:
C:\Users\Nachireddy\.gradle\wrapper\dists\gradle-9.1.0-all\7wzd0jkjit61aq2p43wpjgij9\gradle-9.1.0\lib\agents\gradle-instrumentation-agent-9.1.0.jar path:C:\Users\Nachireddy\.vscode\extensions\redhat.java-1.55.0-win32-x64\jre\21.0.11-win32-x86_64\bin\instrument.dll, loaded, initialized, instrumentlib options:none

dbghelp: loaded successfully - version: 4.0.5 - missing functions: none
symbol engine: initialized successfully - sym options: 0x614 - pdb path: .;C:\Users\Nachireddy\.vscode\extensions\redhat.java-1.55.0-win32-x64\jre\21.0.11-win32-x86_64\bin;C:\WINDOWS\SYSTEM32;C:\WINDOWS\WinSxS\amd64_microsoft.windows.common-controls_6595b64144ccf1df_6.0.26100.8875_none_3e0d5d42e32fe9dd;C:\Users\Nachireddy\.vscode\extensions\redhat.java-1.55.0-win32-x64\jre\21.0.11-win32-x86_64\bin\server;C:\Users\Nachireddy\.gradle\native\1def1411415f61bf3af743bc5b6707747c0891f09f0c88961ee8f79bc544acac\windows-amd64;C:\Users\Nachireddy\.gradle\native\0.2.8\x86_64-windows-gnu

VM Arguments:
jvm_args: --add-opens=java.base/java.lang=ALL-UNNAMED --add-opens=java.base/java.lang.invoke=ALL-UNNAMED --add-opens=java.base/java.util=ALL-UNNAMED --add-opens=java.prefs/java.util.prefs=ALL-UNNAMED --add-exports=jdk.compiler/com.sun.tools.javac.api=ALL-UNNAMED --add-exports=jdk.compiler/com.sun.tools.javac.util=ALL-UNNAMED --add-opens=java.base/java.util=ALL-UNNAMED --add-opens=java.prefs/java.util.prefs=ALL-UNNAMED --add-opens=java.base/java.nio.charset=ALL-UNNAMED --add-opens=java.base/java.net=ALL-UNNAMED --add-opens=java.base/java.util.concurrent=ALL-UNNAMED --add-opens=java.base/java.util.concurrent.atomic=ALL-UNNAMED --add-opens=java.xml/javax.xml.namespace=ALL-UNNAMED --add-opens=java.base/java.time=ALL-UNNAMED -XX:MaxMetaspaceSize=4G -XX:ReservedCodeCacheSize=512m -XX:+HeapDumpOnOutOfMemoryError -Xmx8G -Dfile.encoding=UTF-8 -Duser.country=IN -Duser.language=en -Duser.variant -javaagent:C:\Users\Nachireddy\.gradle\wrapper\dists\gradle-9.1.0-all\7wzd0jkjit61aq2p43wpjgij9\gradle-9.1.0\lib\agents\gradle-instrumentation-agent-9.1.0.jar 
java_command: org.gradle.launcher.daemon.bootstrap.GradleDaemon 9.1.0
java_class_path (initial): C:\Users\Nachireddy\.gradle\wrapper\dists\gradle-9.1.0-all\7wzd0jkjit61aq2p43wpjgij9\gradle-9.1.0\lib\gradle-daemon-main-9.1.0.jar
Launcher Type: SUN_STANDARD

[Global flags]
     intx CICompilerCount                          = 4                                         {product} {ergonomic}
     uint ConcGCThreads                            = 2                                         {product} {ergonomic}
     uint G1ConcRefinementThreads                  = 8                                         {product} {ergonomic}
   size_t G1HeapRegionSize                         = 4194304                                   {product} {ergonomic}
    uintx GCDrainStackTargetSize                   = 64                                        {product} {ergonomic}
     bool HeapDumpOnOutOfMemoryError               = true                                   {manageable} {command line}
   size_t InitialHeapSize                          = 268435456                                 {product} {ergonomic}
   size_t MarkStackSize                            = 4194304                                   {product} {ergonomic}
   size_t MaxHeapSize                              = 8589934592                                {product} {command line}
   size_t MaxMetaspaceSize                         = 4294967296                                {product} {command line}
   size_t MaxNewSize                               = 5150605312                                {product} {ergonomic}
   size_t MinHeapDeltaBytes                        = 4194304                                   {product} {ergonomic}
   size_t MinHeapSize                              = 8388608                                   {product} {ergonomic}
    uintx NonNMethodCodeHeapSize                   = 5839372                                {pd product} {ergonomic}
    uintx NonProfiledCodeHeapSize                  = 265515770                              {pd product} {ergonomic}
    uintx ProfiledCodeHeapSize                     = 265515770                              {pd product} {ergonomic}
    uintx ReservedCodeCacheSize                    = 536870912                              {pd product} {command line}
     bool SegmentedCodeCache                       = true                                      {product} {ergonomic}
   size_t SoftMaxHeapSize                          = 8589934592                             {manageable} {ergonomic}
     bool UseCompressedOops                        = true                           {product lp64_product} {ergonomic}
     bool UseG1GC                                  = true                                      {product} {ergonomic}
     bool UseLargePagesIndividualAllocation        = false                                  {pd product} {ergonomic}

Logging:
Log output configuration:
 #0: stdout all=warning uptime,level,tags foldmultilines=false
 #1: stderr all=off uptime,level,tags foldmultilines=false

Release file:
JAVA_VERSION="21.0.11" 
MODULES="java.base java.compiler java.datatransfer java.xml java.prefs java.desktop java.instrument java.logging java.management java.security.sasl java.naming java.rmi java.management.rmi java.net.http java.scripting java.security.jgss java.transaction.xa java.sql java.sql.rowset java.xml.crypto java.se java.smartcardio jdk.accessibility jdk.internal.jvmstat jdk.attach jdk.charsets jdk.internal.opt jdk.zipfs jdk.compiler jdk.crypto.ec jdk.crypto.cryptoki jdk.crypto.mscapi jdk.dynalink jdk.internal.ed jdk.editpad jdk.hotspot.agent jdk.httpserver jdk.internal.le jdk.internal.vm.ci jdk.internal.vm.compiler jdk.internal.vm.compiler.management jdk.jartool jdk.javadoc jdk.jcmd jdk.management jdk.management.agent jdk.jconsole jdk.jdeps jdk.jdwp.agent jdk.jdi jdk.jfr jdk.jshell jdk.jsobject jdk.jstatd jdk.localedata jdk.management.jfr jdk.naming.dns jdk.naming.rmi jdk.net jdk.nio.mapmode jdk.random jdk.sctp jdk.security.auth jdk.security.jgss jdk.unsupported jdk.unsupported.desktop jdk.xml.dom" 

Environment Variables:
JAVA_HOME=D:\java\jdk-21.0.1
PATH=C:\Program Files\Common Files\Oracle\Java\javapath;C:\Windows\System32;C:\Windows;C:\Windows\System32\wbem;C:\Windows\System32\WindowsPowerShell\v1.0\;C:\Windows\System32\OpenSSH\;C:\Program Files\nodejs\;C:\ProgramData\chocolatey\bin;C:\Program Files\Git\cmd;C:\Program Files (x86)\GnuPG\bin;D:\maven\apache-maven-3.9.5\bin;D:\java\jdk-21.0.1\bin;C:\Program Files\PuTTY\;C:\flutter\bin;;C:\Program Files\Docker\Docker\resources\bin;C:\Users\Nachireddy\AppData\Local\Programs\Python\Python312\Scripts\;C:\Users\Nachireddy\AppData\Local\Programs\Python\Python312\;C:\Users\Nachireddy\AppData\Local\Programs\Python\Launcher\;C:\Users\Nachireddy\AppData\Local\Microsoft\WindowsApps;C:\Users\Nachireddy\AppData\Roaming\npm;C:\Users\Nachireddy\AppData\Local\Programs\Microsoft VS Code\bin;C:\Program Files\JetBrains\IntelliJ IDEA 2023.1.3\bin;;C:\Program Files\JetBrains\IntelliJ IDEA Community Edition 2024.2.1\bin;;D:\maven\apache-maven-3.9.5\bin;C:\Program Files\JetBrains\WebStorm 2024.3\bin;;C:\Users\Nachireddy\dart-sdk\bin;
USERNAME=Nachireddy
OS=Windows_NT
PROCESSOR_IDENTIFIER=Intel64 Family 6 Model 140 Stepping 2, GenuineIntel
TMP=C:\Users\NACHIR~1\AppData\Local\Temp
TEMP=C:\Users\NACHIR~1\AppData\Local\Temp




Periodic native trim disabled

---------------  S Y S T E M  ---------------

OS:
 Windows 11 , 64 bit Build 26100 (10.0.26100.8875)
OS uptime: 0 days 2:00 hours
Hyper-V role detected

CPU: total 8 (initial active 8) (4 cores per cpu, 2 threads per core) family 6 model 140 stepping 2 microcode 0x22, cx8, cmov, fxsr, ht, mmx, 3dnowpref, sse, sse2, sse3, ssse3, sse4.1, sse4.2, popcnt, lzcnt, tsc, tscinvbit, avx, avx2, aes, erms, clmul, bmi1, bmi2, adx, avx512f, avx512dq, avx512cd, avx512bw, avx512vl, sha, fma, vzeroupper, avx512_vpopcntdq, avx512_vpclmulqdq, avx512_vaes, avx512_vnni, clflush, clflushopt, clwb, avx512_vbmi2, avx512_vbmi, hv, rdtscp, rdpid, fsrm, gfni, avx512_bitalg, f16c, cet_ibt, cet_ss, avx512_ifma
Processor Information for the first 8 processors :
  Max Mhz: 3187, Current Mhz: 3187, Mhz Limit: 3187

Memory: 4k page, system-wide physical 16167M (1724M free)
TotalPageFile size 19461M (AvailPageFile size 5M)
current process WorkingSet (physical memory assigned to process): 223M, peak: 224M
current process commit charge ("private bytes"): 408M, peak: 410M

vm_info: OpenJDK 64-Bit Server VM (21.0.11+10-LTS) for windows-amd64 JRE (21.0.11+10-LTS), built on 2026-04-21T00:00:00Z by "admin" with MS VC++ 17.12 (VS2022)

END.
